<?xml version="1.0" encoding="ISO-8859-1" ?>
<link_info>
   <banner>TI ARM Linker PC v20.2.7.LTS</banner>
   <copyright>Copyright (c) 1996-2018 Texas Instruments Incorporated</copyright>
   <link_time>0x6563909f</link_time>
   <link_errors>0x0</link_errors>
   <output_file>gpiointerrupt_CC3220S_LAUNCHXL_nortos_ccs.out</output_file>
   <entry_point>
      <name>resetISR</name>
      <address>0x2000e9ad</address>
   </entry_point>
   <input_file_list>
      <input_file id="fl-2">
         <path>.\</path>
         <kind>object</kind>
         <file>gpiointerrupt.obj</file>
         <name>gpiointerrupt.obj</name>
      </input_file>
      <input_file id="fl-3">
         <path>.\syscfg\</path>
         <kind>object</kind>
         <file>ti_drivers_config.obj</file>
         <name>ti_drivers_config.obj</name>
      </input_file>
      <input_file id="fl-4">
         <path>.\</path>
         <kind>object</kind>
         <file>main_nortos.obj</file>
         <name>main_nortos.obj</name>
      </input_file>
      <input_file id="fl-d">
         <kind>object</kind>
         <file>&lt;internal&gt;</file>
         <name>&lt;internal&gt;</name>
      </input_file>
      <input_file id="fl-e">
         <path>C:\ti\simplelink_cc32xx_sdk_4_30_00_06\source\ti\drivers\lib\ccs\m4\</path>
         <kind>archive</kind>
         <file>drivers_cc32xx.a</file>
         <name>Timer.oem4</name>
      </input_file>
      <input_file id="fl-f">
         <path>C:\ti\simplelink_cc32xx_sdk_4_30_00_06\source\ti\drivers\lib\ccs\m4\</path>
         <kind>archive</kind>
         <file>drivers_cc32xx.a</file>
         <name>GPIOCC32XX.oem4</name>
      </input_file>
      <input_file id="fl-10">
         <path>C:\ti\simplelink_cc32xx_sdk_4_30_00_06\source\ti\drivers\lib\ccs\m4\</path>
         <kind>archive</kind>
         <file>drivers_cc32xx.a</file>
         <name>PowerCC32XX.oem4</name>
      </input_file>
      <input_file id="fl-11">
         <path>C:\ti\simplelink_cc32xx_sdk_4_30_00_06\source\ti\drivers\lib\ccs\m4\</path>
         <kind>archive</kind>
         <file>drivers_cc32xx.a</file>
         <name>PowerCC32XX_asm.oem4</name>
      </input_file>
      <input_file id="fl-12">
         <path>C:\ti\simplelink_cc32xx_sdk_4_30_00_06\source\ti\drivers\lib\ccs\m4\</path>
         <kind>archive</kind>
         <file>drivers_cc32xx.a</file>
         <name>TimerCC32XX.oem4</name>
      </input_file>
      <input_file id="fl-13">
         <path>C:\ti\simplelink_cc32xx_sdk_4_30_00_06\source\ti\drivers\lib\ccs\m4\</path>
         <kind>archive</kind>
         <file>drivers_cc32xx.a</file>
         <name>List.oem4</name>
      </input_file>
      <input_file id="fl-14">
         <path>C:\ti\simplelink_cc32xx_sdk_4_30_00_06\kernel\nortos\lib\ccs\m4\</path>
         <kind>archive</kind>
         <file>nortos_cc32xx.a</file>
         <name>NoRTOS.oem4</name>
      </input_file>
      <input_file id="fl-15">
         <path>C:\ti\simplelink_cc32xx_sdk_4_30_00_06\kernel\nortos\lib\ccs\m4\</path>
         <kind>archive</kind>
         <file>nortos_cc32xx.a</file>
         <name>SemaphoreP_nortos.oem4</name>
      </input_file>
      <input_file id="fl-16">
         <path>C:\ti\simplelink_cc32xx_sdk_4_30_00_06\kernel\nortos\lib\ccs\m4\</path>
         <kind>archive</kind>
         <file>nortos_cc32xx.a</file>
         <name>ClockPSysTick_nortos.oem4</name>
      </input_file>
      <input_file id="fl-17">
         <path>C:\ti\simplelink_cc32xx_sdk_4_30_00_06\kernel\nortos\lib\ccs\m4\</path>
         <kind>archive</kind>
         <file>nortos_cc32xx.a</file>
         <name>HwiPCC32XX_nortos.oem4</name>
      </input_file>
      <input_file id="fl-18">
         <path>C:\ti\simplelink_cc32xx_sdk_4_30_00_06\kernel\nortos\lib\ccs\m4\</path>
         <kind>archive</kind>
         <file>nortos_cc32xx.a</file>
         <name>PowerCC32XX_nortos.oem4</name>
      </input_file>
      <input_file id="fl-19">
         <path>C:\ti\simplelink_cc32xx_sdk_4_30_00_06\kernel\nortos\lib\ccs\m4\</path>
         <kind>archive</kind>
         <file>nortos_cc32xx.a</file>
         <name>startup_cc32xx_ccs.oem4</name>
      </input_file>
      <input_file id="fl-1a">
         <path>C:\ti\simplelink_cc32xx_sdk_4_30_00_06\kernel\nortos\lib\ccs\m4\</path>
         <kind>archive</kind>
         <file>nortos_cc32xx.a</file>
         <name>SwiP_nortos.oem4</name>
      </input_file>
      <input_file id="fl-1b">
         <path>C:\ti\simplelink_cc32xx_sdk_4_30_00_06\kernel\nortos\lib\ccs\m4\</path>
         <kind>archive</kind>
         <file>nortos_cc32xx.a</file>
         <name>QueueP_nortos.oem4</name>
      </input_file>
      <input_file id="fl-1c">
         <path>C:\ti\simplelink_cc32xx_sdk_4_30_00_06\source\ti\devices\cc32xx\driverlib\ccs\Release\</path>
         <kind>archive</kind>
         <file>driverlib.a</file>
         <name>cpu.obj</name>
      </input_file>
      <input_file id="fl-1d">
         <path>C:\ti\simplelink_cc32xx_sdk_4_30_00_06\source\ti\devices\cc32xx\driverlib\ccs\Release\</path>
         <kind>archive</kind>
         <file>driverlib.a</file>
         <name>interrupt.obj</name>
      </input_file>
      <input_file id="fl-1e">
         <path>C:\ti\simplelink_cc32xx_sdk_4_30_00_06\source\ti\devices\cc32xx\driverlib\ccs\Release\</path>
         <kind>archive</kind>
         <file>driverlib.a</file>
         <name>pin.obj</name>
      </input_file>
      <input_file id="fl-1f">
         <path>C:\ti\simplelink_cc32xx_sdk_4_30_00_06\source\ti\devices\cc32xx\driverlib\ccs\Release\</path>
         <kind>archive</kind>
         <file>driverlib.a</file>
         <name>prcm.obj</name>
      </input_file>
      <input_file id="fl-20">
         <path>C:\ti\simplelink_cc32xx_sdk_4_30_00_06\source\ti\devices\cc32xx\driverlib\ccs\Release\</path>
         <kind>archive</kind>
         <file>driverlib.a</file>
         <name>timer.obj</name>
      </input_file>
      <input_file id="fl-21">
         <path>C:\ti\simplelink_cc32xx_sdk_4_30_00_06\source\ti\devices\cc32xx\driverlib\ccs\Release\</path>
         <kind>archive</kind>
         <file>driverlib.a</file>
         <name>utils.obj</name>
      </input_file>
      <input_file id="fl-22">
         <path>C:\ti\simplelink_cc32xx_sdk_4_30_00_06\source\ti\devices\cc32xx\driverlib\ccs\Release\</path>
         <kind>archive</kind>
         <file>driverlib.a</file>
         <name>flash.obj</name>
      </input_file>
      <input_file id="fl-d8">
         <path>C:\ti\ccs1250\ccs\tools\compiler\ti-cgt-arm_20.2.7.LTS\lib\</path>
         <kind>archive</kind>
         <file>rtsv7M4_T_le_eabi.lib</file>
         <name>ll_mul_t2.asm.obj</name>
      </input_file>
      <input_file id="fl-d9">
         <path>C:\ti\ccs1250\ccs\tools\compiler\ti-cgt-arm_20.2.7.LTS\lib\</path>
         <kind>archive</kind>
         <file>rtsv7M4_T_le_eabi.lib</file>
         <name>memcpy_t2.asm.obj</name>
      </input_file>
      <input_file id="fl-da">
         <path>C:\ti\ccs1250\ccs\tools\compiler\ti-cgt-arm_20.2.7.LTS\lib\</path>
         <kind>archive</kind>
         <file>rtsv7M4_T_le_eabi.lib</file>
         <name>ull_div_t2.asm.obj</name>
      </input_file>
      <input_file id="fl-db">
         <path>C:\ti\ccs1250\ccs\tools\compiler\ti-cgt-arm_20.2.7.LTS\lib\</path>
         <kind>archive</kind>
         <file>rtsv7M4_T_le_eabi.lib</file>
         <name>copy_zero_init.c.obj</name>
      </input_file>
      <input_file id="fl-dc">
         <path>C:\ti\ccs1250\ccs\tools\compiler\ti-cgt-arm_20.2.7.LTS\lib\</path>
         <kind>archive</kind>
         <file>rtsv7M4_T_le_eabi.lib</file>
         <name>copy_decompress_none.c.obj</name>
      </input_file>
      <input_file id="fl-dd">
         <path>C:\ti\ccs1250\ccs\tools\compiler\ti-cgt-arm_20.2.7.LTS\lib\</path>
         <kind>archive</kind>
         <file>rtsv7M4_T_le_eabi.lib</file>
         <name>copy_decompress_lzss.c.obj</name>
      </input_file>
      <input_file id="fl-de">
         <path>C:\ti\ccs1250\ccs\tools\compiler\ti-cgt-arm_20.2.7.LTS\lib\</path>
         <kind>archive</kind>
         <file>rtsv7M4_T_le_eabi.lib</file>
         <name>memory.c.obj</name>
      </input_file>
      <input_file id="fl-df">
         <path>C:\ti\ccs1250\ccs\tools\compiler\ti-cgt-arm_20.2.7.LTS\lib\</path>
         <kind>archive</kind>
         <file>rtsv7M4_T_le_eabi.lib</file>
         <name>boot_cortex_m.c.obj</name>
      </input_file>
      <input_file id="fl-e0">
         <path>C:\ti\ccs1250\ccs\tools\compiler\ti-cgt-arm_20.2.7.LTS\lib\</path>
         <kind>archive</kind>
         <file>rtsv7M4_T_le_eabi.lib</file>
         <name>div0.asm.obj</name>
      </input_file>
      <input_file id="fl-e1">
         <path>C:\ti\ccs1250\ccs\tools\compiler\ti-cgt-arm_20.2.7.LTS\lib\</path>
         <kind>archive</kind>
         <file>rtsv7M4_T_le_eabi.lib</file>
         <name>memset_t2.asm.obj</name>
      </input_file>
      <input_file id="fl-e2">
         <path>C:\ti\ccs1250\ccs\tools\compiler\ti-cgt-arm_20.2.7.LTS\lib\</path>
         <kind>archive</kind>
         <file>rtsv7M4_T_le_eabi.lib</file>
         <name>autoinit.c.obj</name>
      </input_file>
      <input_file id="fl-e3">
         <path>C:\ti\ccs1250\ccs\tools\compiler\ti-cgt-arm_20.2.7.LTS\lib\</path>
         <kind>archive</kind>
         <file>rtsv7M4_T_le_eabi.lib</file>
         <name>pre_init.c.obj</name>
      </input_file>
      <input_file id="fl-e4">
         <path>C:\ti\ccs1250\ccs\tools\compiler\ti-cgt-arm_20.2.7.LTS\lib\</path>
         <kind>archive</kind>
         <file>rtsv7M4_T_le_eabi.lib</file>
         <name>cpy_tbl.c.obj</name>
      </input_file>
      <input_file id="fl-e5">
         <path>C:\ti\ccs1250\ccs\tools\compiler\ti-cgt-arm_20.2.7.LTS\lib\</path>
         <kind>archive</kind>
         <file>rtsv7M4_T_le_eabi.lib</file>
         <name>exit.c.obj</name>
      </input_file>
      <input_file id="fl-e6">
         <path>C:\ti\ccs1250\ccs\tools\compiler\ti-cgt-arm_20.2.7.LTS\lib\</path>
         <kind>archive</kind>
         <file>rtsv7M4_T_le_eabi.lib</file>
         <name>_lock.c.obj</name>
      </input_file>
      <input_file id="fl-e7">
         <path>C:\ti\ccs1250\ccs\tools\compiler\ti-cgt-arm_20.2.7.LTS\lib\</path>
         <kind>archive</kind>
         <file>rtsv7M4_T_le_eabi.lib</file>
         <name>args_main.c.obj</name>
      </input_file>
   </input_file_list>
   <object_component_list>
      <object_component id="oc-1bb">
         <name>.text:PRCMCC3200MCUInit</name>
         <load_address>0x2000c040</load_address>
         <run_address>0x2000c040</run_address>
         <size>0x42c</size>
         <input_file_ref idref="fl-1f"/>
      </object_component>
      <object_component id="oc-1db">
         <name>.text:GPIO_setConfig</name>
         <load_address>0x2000c46c</load_address>
         <run_address>0x2000c46c</run_address>
         <size>0x1e4</size>
         <input_file_ref idref="fl-f"/>
      </object_component>
      <object_component id="oc-35c">
         <name>.text:PowerCC32XX_sleepPolicy</name>
         <load_address>0x2000c650</load_address>
         <run_address>0x2000c650</run_address>
         <size>0x19c</size>
         <input_file_ref idref="fl-18"/>
      </object_component>
      <object_component id="oc-50e">
         <name>.text:parkPins</name>
         <load_address>0x2000c7ec</load_address>
         <run_address>0x2000c7ec</run_address>
         <size>0x148</size>
         <input_file_ref idref="fl-10"/>
      </object_component>
      <object_component id="oc-464">
         <name>.text:Power_sleep</name>
         <load_address>0x2000c934</load_address>
         <run_address>0x2000c934</run_address>
         <size>0x138</size>
         <input_file_ref idref="fl-10"/>
      </object_component>
      <object_component id="oc-573">
         <name>.text:TimerCC32XX_open</name>
         <load_address>0x2000ca6c</load_address>
         <run_address>0x2000ca6c</run_address>
         <size>0x128</size>
         <input_file_ref idref="fl-12"/>
      </object_component>
      <object_component id="oc-4d6">
         <name>.text:aligned_alloc</name>
         <load_address>0x2000cb94</load_address>
         <run_address>0x2000cb94</run_address>
         <size>0x100</size>
         <input_file_ref idref="fl-de"/>
      </object_component>
      <object_component id="oc-378">
         <name>.text:free</name>
         <load_address>0x2000cc94</load_address>
         <run_address>0x2000cc94</run_address>
         <size>0xe4</size>
         <input_file_ref idref="fl-de"/>
      </object_component>
      <object_component id="oc-1cf">
         <name>.text:GPIO_init</name>
         <load_address>0x2000cd78</load_address>
         <run_address>0x2000cd78</run_address>
         <size>0xc4</size>
         <input_file_ref idref="fl-f"/>
      </object_component>
      <object_component id="oc-52b">
         <name>.text:restoreParkedPins</name>
         <load_address>0x2000ce3c</load_address>
         <run_address>0x2000ce3c</run_address>
         <size>0xc0</size>
         <input_file_ref idref="fl-10"/>
      </object_component>
      <object_component id="oc-2da">
         <name>.text:timerCallback</name>
         <load_address>0x2000cefc</load_address>
         <run_address>0x2000cefc</run_address>
         <size>0xb0</size>
         <input_file_ref idref="fl-2"/>
      </object_component>
      <object_component id="oc-b5">
         <name>.text:IntEnable</name>
         <load_address>0x2000cfac</load_address>
         <run_address>0x2000cfac</run_address>
         <size>0xa8</size>
         <input_file_ref idref="fl-1d"/>
      </object_component>
      <object_component id="oc-276">
         <name>.text:PowerCC32XX_configureWakeup</name>
         <load_address>0x2000d054</load_address>
         <run_address>0x2000d054</run_address>
         <size>0xa8</size>
         <input_file_ref idref="fl-10"/>
      </object_component>
      <object_component id="oc-29c">
         <name>.text:SemaphoreP_pend</name>
         <load_address>0x2000d0fc</load_address>
         <run_address>0x2000d0fc</run_address>
         <size>0xa0</size>
         <input_file_ref idref="fl-15"/>
      </object_component>
      <object_component id="oc-3b">
         <name>.text</name>
         <load_address>0x2000d19c</load_address>
         <run_address>0x2000d19c</run_address>
         <size>0x9c</size>
         <input_file_ref idref="fl-d9"/>
      </object_component>
      <object_component id="oc-2b8">
         <name>.text:powerNotifyFxn</name>
         <load_address>0x2000d238</load_address>
         <run_address>0x2000d238</run_address>
         <size>0x98</size>
         <input_file_ref idref="fl-f"/>
      </object_component>
      <object_component id="oc-45f">
         <name>.text</name>
         <load_address>0x2000d2d0</load_address>
         <run_address>0x2000d2d0</run_address>
         <size>0x96</size>
         <input_file_ref idref="fl-da"/>
      </object_component>
      <object_component id="oc-1c7">
         <name>.text:Board_initHook</name>
         <load_address>0x2000d366</load_address>
         <run_address>0x2000d366</run_address>
         <size>0x2</size>
         <input_file_ref idref="fl-3"/>
      </object_component>
      <object_component id="oc-51f">
         <name>.text:restoreNVICRegs</name>
         <load_address>0x2000d368</load_address>
         <run_address>0x2000d368</run_address>
         <size>0x90</size>
         <input_file_ref idref="fl-10"/>
      </object_component>
      <object_component id="oc-3f1">
         <name>.text:HwiP_construct</name>
         <load_address>0x2000d3f8</load_address>
         <run_address>0x2000d3f8</run_address>
         <size>0x8c</size>
         <input_file_ref idref="fl-17"/>
      </object_component>
      <object_component id="oc-5e7">
         <name>.text:IntPendSet</name>
         <load_address>0x2000d484</load_address>
         <run_address>0x2000d484</run_address>
         <size>0x88</size>
         <input_file_ref idref="fl-1d"/>
      </object_component>
      <object_component id="oc-2e1">
         <name>.text:PinConfigSet</name>
         <load_address>0x2000d50c</load_address>
         <run_address>0x2000d50c</run_address>
         <size>0x88</size>
         <input_file_ref idref="fl-1e"/>
      </object_component>
      <object_component id="oc-579">
         <name>.text:TimerCC32XX_setPeriod</name>
         <load_address>0x2000d594</load_address>
         <run_address>0x2000d594</run_address>
         <size>0x88</size>
         <input_file_ref idref="fl-12"/>
      </object_component>
      <object_component id="oc-1c1">
         <name>.text:Power_init</name>
         <load_address>0x2000d61c</load_address>
         <run_address>0x2000d61c</run_address>
         <size>0x84</size>
         <input_file_ref idref="fl-10"/>
      </object_component>
      <object_component id="oc-514">
         <name>.text:saveNVICRegs</name>
         <load_address>0x2000d6a0</load_address>
         <run_address>0x2000d6a0</run_address>
         <size>0x84</size>
         <input_file_ref idref="fl-10"/>
      </object_component>
      <object_component id="oc-2e7">
         <name>.text:Power_setDependency</name>
         <load_address>0x2000d724</load_address>
         <run_address>0x2000d724</run_address>
         <size>0x80</size>
         <input_file_ref idref="fl-10"/>
      </object_component>
      <object_component id="oc-30b">
         <name>.text:GPIO_hwiIntFxn</name>
         <load_address>0x2000d7a4</load_address>
         <run_address>0x2000d7a4</run_address>
         <size>0x78</size>
         <input_file_ref idref="fl-f"/>
      </object_component>
      <object_component id="oc-57f">
         <name>.text:TimerCC32XX_start</name>
         <load_address>0x2000d81c</load_address>
         <run_address>0x2000d81c</run_address>
         <size>0x78</size>
         <input_file_ref idref="fl-12"/>
      </object_component>
      <object_component id="oc-58f">
         <name>.text:split</name>
         <load_address>0x2000d894</load_address>
         <run_address>0x2000d894</run_address>
         <size>0x70</size>
         <input_file_ref idref="fl-de"/>
      </object_component>
      <object_component id="oc-14">
         <name>.text:decompress:lzss:__TI_decompress_lzss</name>
         <load_address>0x2000d904</load_address>
         <run_address>0x2000d904</run_address>
         <size>0x68</size>
         <input_file_ref idref="fl-dd"/>
      </object_component>
      <object_component id="oc-15f">
         <name>.text:mainThread</name>
         <load_address>0x2000d96c</load_address>
         <run_address>0x2000d96c</run_address>
         <size>0x68</size>
         <input_file_ref idref="fl-2"/>
      </object_component>
      <object_component id="oc-3c7">
         <name>.text:PowerCC32XX_setParkState</name>
         <load_address>0x2000d9d4</load_address>
         <run_address>0x2000d9d4</run_address>
         <size>0x64</size>
         <input_file_ref idref="fl-10"/>
      </object_component>
      <object_component id="oc-244">
         <name>.text:PRCMSysResetCauseGet</name>
         <load_address>0x2000da38</load_address>
         <run_address>0x2000da38</run_address>
         <size>0x60</size>
         <input_file_ref idref="fl-1f"/>
      </object_component>
      <object_component id="oc-1e7">
         <name>.text:GPIO_setCallback</name>
         <load_address>0x2000da98</load_address>
         <run_address>0x2000da98</run_address>
         <size>0x5c</size>
         <input_file_ref idref="fl-f"/>
      </object_component>
      <object_component id="oc-5a7">
         <name>.text:sysTickInit</name>
         <load_address>0x2000daf4</load_address>
         <run_address>0x2000daf4</run_address>
         <size>0x5c</size>
         <input_file_ref idref="fl-16"/>
      </object_component>
      <object_component id="oc-1e1">
         <name>.text:GPIO_write</name>
         <load_address>0x2000db50</load_address>
         <run_address>0x2000db50</run_address>
         <size>0x58</size>
         <input_file_ref idref="fl-f"/>
      </object_component>
      <object_component id="oc-25d">
         <name>.text:PRCMPeripheralReset</name>
         <load_address>0x2000dba8</load_address>
         <run_address>0x2000dba8</run_address>
         <size>0x58</size>
         <input_file_ref idref="fl-1f"/>
      </object_component>
      <object_component id="oc-68a">
         <name>.text:Power_releaseDependency</name>
         <load_address>0x2000dc00</load_address>
         <run_address>0x2000dc00</run_address>
         <size>0x58</size>
         <input_file_ref idref="fl-10"/>
      </object_component>
      <object_component id="oc-585">
         <name>.text:TimerCC32XX_stop</name>
         <load_address>0x2000dc58</load_address>
         <run_address>0x2000dc58</run_address>
         <size>0x56</size>
         <input_file_ref idref="fl-12"/>
      </object_component>
      <object_component id="oc-5c4">
         <name>.text:PowerCC32XX_resumeLPDS</name>
         <load_address>0x2000dcae</load_address>
         <run_address>0x2000dcae</run_address>
         <size>0x52</size>
         <input_file_ref idref="fl-11"/>
      </object_component>
      <object_component id="oc-620">
         <name>.text:initHw</name>
         <load_address>0x2000dd00</load_address>
         <run_address>0x2000dd00</run_address>
         <size>0x52</size>
         <input_file_ref idref="fl-12"/>
      </object_component>
      <object_component id="oc-356">
         <name>.text:PowerCC32XX_initPolicy</name>
         <load_address>0x2000dd52</load_address>
         <run_address>0x2000dd52</run_address>
         <size>0x2</size>
         <input_file_ref idref="fl-18"/>
      </object_component>
      <object_component id="oc-79">
         <name>.text:ClockP_sysTickHandler</name>
         <load_address>0x2000dd54</load_address>
         <run_address>0x2000dd54</run_address>
         <size>0x50</size>
         <input_file_ref idref="fl-16"/>
      </object_component>
      <object_component id="oc-485">
         <name>.text:SemaphoreP_construct</name>
         <load_address>0x2000dda4</load_address>
         <run_address>0x2000dda4</run_address>
         <size>0x50</size>
         <input_file_ref idref="fl-15"/>
      </object_component>
      <object_component id="oc-614">
         <name>.text:TimerCC32XX_allocateTimerResource</name>
         <load_address>0x2000ddf4</load_address>
         <run_address>0x2000ddf4</run_address>
         <size>0x50</size>
         <input_file_ref idref="fl-12"/>
      </object_component>
      <object_component id="oc-1ed">
         <name>.text:GPIO_enableInt</name>
         <load_address>0x2000de44</load_address>
         <run_address>0x2000de44</run_address>
         <size>0x4c</size>
         <input_file_ref idref="fl-f"/>
      </object_component>
      <object_component id="oc-5bb">
         <name>.text:PowerCC32XX_parkPin</name>
         <load_address>0x2000de90</load_address>
         <run_address>0x2000de90</run_address>
         <size>0x4c</size>
         <input_file_ref idref="fl-10"/>
      </object_component>
      <object_component id="oc-1d5">
         <name>.text:initTimer</name>
         <load_address>0x2000dedc</load_address>
         <run_address>0x2000dedc</run_address>
         <size>0x4c</size>
         <input_file_ref idref="fl-2"/>
      </object_component>
      <object_component id="oc-525">
         <name>.text:restorePeriphClocks</name>
         <load_address>0x2000df28</load_address>
         <run_address>0x2000df28</run_address>
         <size>0x4c</size>
         <input_file_ref idref="fl-10"/>
      </object_component>
      <object_component id="oc-5df">
         <name>.text:FlashDisable</name>
         <load_address>0x2000df74</load_address>
         <run_address>0x2000df74</run_address>
         <size>0x48</size>
         <input_file_ref idref="fl-22"/>
      </object_component>
      <object_component id="oc-531">
         <name>.text:PRCMLPDSEnter</name>
         <load_address>0x2000dfbc</load_address>
         <run_address>0x2000dfbc</run_address>
         <size>0x48</size>
         <input_file_ref idref="fl-1f"/>
      </object_component>
      <object_component id="oc-257">
         <name>.text:PRCMPeripheralClkEnable</name>
         <load_address>0x2000e004</load_address>
         <run_address>0x2000e004</run_address>
         <size>0x48</size>
         <input_file_ref idref="fl-1f"/>
      </object_component>
      <object_component id="oc-65f">
         <name>.text:Power_releaseConstraint</name>
         <load_address>0x2000e04c</load_address>
         <run_address>0x2000e04c</run_address>
         <size>0x48</size>
         <input_file_ref idref="fl-10"/>
      </object_component>
      <object_component id="oc-61a">
         <name>.text:getPrescaler</name>
         <load_address>0x2000e094</load_address>
         <run_address>0x2000e094</run_address>
         <size>0x46</size>
         <input_file_ref idref="fl-12"/>
      </object_component>
      <object_component id="oc-56d">
         <name>.text:TimerCC32XX_init</name>
         <load_address>0x2000e0da</load_address>
         <run_address>0x2000e0da</run_address>
         <size>0x2</size>
         <input_file_ref idref="fl-12"/>
      </object_component>
      <object_component id="oc-4ad">
         <name>.text:ClockP_stop</name>
         <load_address>0x2000e0dc</load_address>
         <run_address>0x2000e0dc</run_address>
         <size>0x44</size>
         <input_file_ref idref="fl-16"/>
      </object_component>
      <object_component id="oc-5c9">
         <name>.text:PRCMLPDSRestoreInfoSet</name>
         <load_address>0x2000e120</load_address>
         <run_address>0x2000e120</run_address>
         <size>0x44</size>
         <input_file_ref idref="fl-1f"/>
      </object_component>
      <object_component id="oc-51a">
         <name>.text:PowerCC32XX_enterLPDS</name>
         <load_address>0x2000e164</load_address>
         <run_address>0x2000e164</run_address>
         <size>0x44</size>
         <input_file_ref idref="fl-11"/>
      </object_component>
      <object_component id="oc-2a8">
         <name>.text:SemaphoreP_post</name>
         <load_address>0x2000e1a8</load_address>
         <run_address>0x2000e1a8</run_address>
         <size>0x44</size>
         <input_file_ref idref="fl-15"/>
      </object_component>
      <object_component id="oc-475">
         <name>.text:SwiP_restore</name>
         <load_address>0x2000e1ec</load_address>
         <run_address>0x2000e1ec</run_address>
         <size>0x44</size>
         <input_file_ref idref="fl-1a"/>
      </object_component>
      <object_component id="oc-2c2">
         <name>.text:Timer_init</name>
         <load_address>0x2000e230</load_address>
         <run_address>0x2000e230</run_address>
         <size>0x44</size>
         <input_file_ref idref="fl-e"/>
      </object_component>
      <object_component id="oc-172">
         <name>.text:__TI_auto_init_nobinit_nopinit:__TI_auto_init_nobinit_nopinit</name>
         <load_address>0x2000e274</load_address>
         <run_address>0x2000e274</run_address>
         <size>0x44</size>
         <input_file_ref idref="fl-e2"/>
      </object_component>
      <object_component id="oc-26f">
         <name>.text:PinModeSet</name>
         <load_address>0x2000e2b8</load_address>
         <run_address>0x2000e2b8</run_address>
         <size>0x40</size>
         <input_file_ref idref="fl-1e"/>
      </object_component>
      <object_component id="oc-2ce">
         <name>.text:Timer_open</name>
         <load_address>0x2000e2f8</load_address>
         <run_address>0x2000e2f8</run_address>
         <size>0x40</size>
         <input_file_ref idref="fl-e"/>
      </object_component>
      <object_component id="oc-397">
         <name>.text:ClockP_destruct</name>
         <load_address>0x2000e338</load_address>
         <run_address>0x2000e338</run_address>
         <size>0x3c</size>
         <input_file_ref idref="fl-16"/>
      </object_component>
      <object_component id="oc-646">
         <name>.text:Power_setConstraint</name>
         <load_address>0x2000e374</load_address>
         <run_address>0x2000e374</run_address>
         <size>0x3c</size>
         <input_file_ref idref="fl-10"/>
      </object_component>
      <object_component id="oc-55b">
         <name>.text:TimerCC32XX_close</name>
         <load_address>0x2000e3b0</load_address>
         <run_address>0x2000e3b0</run_address>
         <size>0x3a</size>
         <input_file_ref idref="fl-12"/>
      </object_component>
      <object_component id="oc-459">
         <name>.text:getCountsRTC</name>
         <load_address>0x2000e3ea</load_address>
         <run_address>0x2000e3ea</run_address>
         <size>0x3a</size>
         <input_file_ref idref="fl-18"/>
      </object_component>
      <object_component id="oc-537">
         <name>.text:PRCMLPDSEnterKeepDebugIf</name>
         <load_address>0x2000e424</load_address>
         <run_address>0x2000e424</run_address>
         <size>0x38</size>
         <input_file_ref idref="fl-1f"/>
      </object_component>
      <object_component id="oc-62c">
         <name>.text:TimerCC32XX_hwiIntFunction</name>
         <load_address>0x2000e45c</load_address>
         <run_address>0x2000e45c</run_address>
         <size>0x38</size>
         <input_file_ref idref="fl-12"/>
      </object_component>
      <object_component id="oc-db">
         <name>.text:addToList</name>
         <load_address>0x2000e494</load_address>
         <run_address>0x2000e494</run_address>
         <size>0x38</size>
         <input_file_ref idref="fl-16"/>
      </object_component>
      <object_component id="oc-59">
         <name>.text:initVectors</name>
         <load_address>0x2000e4cc</load_address>
         <run_address>0x2000e4cc</run_address>
         <size>0x38</size>
         <input_file_ref idref="fl-19"/>
      </object_component>
      <object_component id="oc-508">
         <name>.text:notify</name>
         <load_address>0x2000e504</load_address>
         <run_address>0x2000e504</run_address>
         <size>0x38</size>
         <input_file_ref idref="fl-10"/>
      </object_component>
      <object_component id="oc-696">
         <name>.text:TimerControlStall</name>
         <load_address>0x2000e53c</load_address>
         <run_address>0x2000e53c</run_address>
         <size>0x36</size>
         <input_file_ref idref="fl-20"/>
      </object_component>
      <object_component id="oc-323">
         <name>.text:_nop</name>
         <load_address>0x2000e572</load_address>
         <run_address>0x2000e572</run_address>
         <size>0x2</size>
         <input_file_ref idref="fl-e6"/>
      </object_component>
      <object_component id="oc-447">
         <name>.text:ClockP_getTicksUntilInterrupt</name>
         <load_address>0x2000e574</load_address>
         <run_address>0x2000e574</run_address>
         <size>0x34</size>
         <input_file_ref idref="fl-16"/>
      </object_component>
      <object_component id="oc-4f9">
         <name>.text:ClockP_startup</name>
         <load_address>0x2000e5a8</load_address>
         <run_address>0x2000e5a8</run_address>
         <size>0x34</size>
         <input_file_ref idref="fl-16"/>
      </object_component>
      <object_component id="oc-269">
         <name>.text:PinModeGet</name>
         <load_address>0x2000e5dc</load_address>
         <run_address>0x2000e5dc</run_address>
         <size>0x34</size>
         <input_file_ref idref="fl-1e"/>
      </object_component>
      <object_component id="oc-60a">
         <name>.text:TimerCC32XX_freeTimerResource</name>
         <load_address>0x2000e610</load_address>
         <run_address>0x2000e610</run_address>
         <size>0x34</size>
         <input_file_ref idref="fl-12"/>
      </object_component>
      <object_component id="oc-684">
         <name>.text:getPowerMgrId</name>
         <load_address>0x2000e644</load_address>
         <run_address>0x2000e644</run_address>
         <size>0x34</size>
         <input_file_ref idref="fl-12"/>
      </object_component>
      <object_component id="oc-385">
         <name>.text:ClockP_start</name>
         <load_address>0x2000e678</load_address>
         <run_address>0x2000e678</run_address>
         <size>0x30</size>
         <input_file_ref idref="fl-16"/>
      </object_component>
      <object_component id="oc-5d8">
         <name>.text:PowerCC32XX_restoreParkedPin</name>
         <load_address>0x2000e6a8</load_address>
         <run_address>0x2000e6a8</run_address>
         <size>0x30</size>
         <input_file_ref idref="fl-10"/>
      </object_component>
      <object_component id="oc-2f3">
         <name>.text:HwiP_create</name>
         <load_address>0x2000e6d8</load_address>
         <run_address>0x2000e6d8</run_address>
         <size>0x2a</size>
         <input_file_ref idref="fl-17"/>
      </object_component>
      <object_component id="oc-639">
         <name>.text:TimerLoadSet</name>
         <load_address>0x2000e702</load_address>
         <run_address>0x2000e702</run_address>
         <size>0x2a</size>
         <input_file_ref idref="fl-20"/>
      </object_component>
      <object_component id="oc-633">
         <name>.text:TimerPrescaleSet</name>
         <load_address>0x2000e72c</load_address>
         <run_address>0x2000e72c</run_address>
         <size>0x2a</size>
         <input_file_ref idref="fl-20"/>
      </object_component>
      <object_component id="oc-73">
         <name>.text:busFaultHandler</name>
         <load_address>0x2000e756</load_address>
         <run_address>0x2000e756</run_address>
         <size>0x2</size>
         <input_file_ref idref="fl-19"/>
      </object_component>
      <object_component id="oc-263">
         <name>.text:PRCMPeripheralClkDisable</name>
         <load_address>0x2000e758</load_address>
         <run_address>0x2000e758</run_address>
         <size>0x28</size>
         <input_file_ref idref="fl-1f"/>
      </object_component>
      <object_component id="oc-2a2">
         <name>.text:Power_registerNotify</name>
         <load_address>0x2000e780</load_address>
         <run_address>0x2000e780</run_address>
         <size>0x28</size>
         <input_file_ref idref="fl-10"/>
      </object_component>
      <object_component id="oc-4a5">
         <name>.text:free_list_insert</name>
         <load_address>0x2000e7a8</load_address>
         <run_address>0x2000e7a8</run_address>
         <size>0x28</size>
         <input_file_ref idref="fl-de"/>
      </object_component>
      <object_component id="oc-3a7">
         <name>.text:List_put</name>
         <load_address>0x2000e7d0</load_address>
         <run_address>0x2000e7d0</run_address>
         <size>0x26</size>
         <input_file_ref idref="fl-13"/>
      </object_component>
      <object_component id="oc-675">
         <name>.text:List_remove</name>
         <load_address>0x2000e7f6</load_address>
         <run_address>0x2000e7f6</run_address>
         <size>0x26</size>
         <input_file_ref idref="fl-13"/>
      </object_component>
      <object_component id="oc-4e0">
         <name>.text:HwiP_dispatch</name>
         <load_address>0x2000e81c</load_address>
         <run_address>0x2000e81c</run_address>
         <size>0x24</size>
         <input_file_ref idref="fl-17"/>
      </object_component>
      <object_component id="oc-c5">
         <name>.text:_c_int00_noargs:_c_int00_noargs</name>
         <load_address>0x2000e840</load_address>
         <run_address>0x2000e840</run_address>
         <size>0x24</size>
         <input_file_ref idref="fl-df"/>
      </object_component>
      <object_component id="oc-67d">
         <name>.text:HwiP_destruct</name>
         <load_address>0x2000e864</load_address>
         <run_address>0x2000e864</run_address>
         <size>0x20</size>
         <input_file_ref idref="fl-17"/>
      </object_component>
      <object_component id="oc-5f8">
         <name>.text:Power_unregisterNotify</name>
         <load_address>0x2000e884</load_address>
         <run_address>0x2000e884</run_address>
         <size>0x20</size>
         <input_file_ref idref="fl-10"/>
      </object_component>
      <object_component id="oc-1f9">
         <name>.text:gpioButtonFxn0</name>
         <load_address>0x2000e8a4</load_address>
         <run_address>0x2000e8a4</run_address>
         <size>0x20</size>
         <input_file_ref idref="fl-2"/>
      </object_component>
      <object_component id="oc-1f3">
         <name>.text:gpioButtonFxn1</name>
         <load_address>0x2000e8c4</load_address>
         <run_address>0x2000e8c4</run_address>
         <size>0x20</size>
         <input_file_ref idref="fl-2"/>
      </object_component>
      <object_component id="oc-653">
         <name>.text:TimerDisable</name>
         <load_address>0x2000e8e4</load_address>
         <run_address>0x2000e8e4</run_address>
         <size>0x1e</size>
         <input_file_ref idref="fl-20"/>
      </object_component>
      <object_component id="oc-64c">
         <name>.text:TimerEnable</name>
         <load_address>0x2000e902</load_address>
         <run_address>0x2000e902</run_address>
         <size>0x1e</size>
         <input_file_ref idref="fl-20"/>
      </object_component>
      <object_component id="oc-5b5">
         <name>.text:PinToPadGet</name>
         <load_address>0x2000e920</load_address>
         <run_address>0x2000e920</run_address>
         <size>0x1c</size>
         <input_file_ref idref="fl-1e"/>
      </object_component>
      <object_component id="oc-43b">
         <name>.text:SwiP_disable</name>
         <load_address>0x2000e93c</load_address>
         <run_address>0x2000e93c</run_address>
         <size>0x1c</size>
         <input_file_ref idref="fl-1a"/>
      </object_component>
      <object_component id="oc-47">
         <name>.text:decompress:ZI:__TI_zero_init_nomemset:__TI_zero_init_nomemset</name>
         <load_address>0x2000e958</load_address>
         <run_address>0x2000e958</run_address>
         <size>0x1c</size>
         <input_file_ref idref="fl-db"/>
      </object_component>
      <object_component id="oc-49f">
         <name>.text:free_list_remove</name>
         <load_address>0x2000e974</load_address>
         <run_address>0x2000e974</run_address>
         <size>0x1c</size>
         <input_file_ref idref="fl-de"/>
      </object_component>
      <object_component id="oc-284">
         <name>.text:SemaphoreP_createBinary</name>
         <load_address>0x2000e990</load_address>
         <run_address>0x2000e990</run_address>
         <size>0x1a</size>
         <input_file_ref idref="fl-15"/>
      </object_component>
      <object_component id="oc-39d">
         <name>.text:clkFxn</name>
         <load_address>0x2000e9aa</load_address>
         <run_address>0x2000e9aa</run_address>
         <size>0x2</size>
         <input_file_ref idref="fl-15"/>
      </object_component>
      <object_component id="oc-21">
         <name>.text:resetISR</name>
         <load_address>0x2000e9ac</load_address>
         <run_address>0x2000e9ac</run_address>
         <size>0x1a</size>
         <input_file_ref idref="fl-19"/>
      </object_component>
      <object_component id="oc-6d">
         <name>.text:defaultHandler</name>
         <load_address>0x2000e9c6</load_address>
         <run_address>0x2000e9c6</run_address>
         <size>0x2</size>
         <input_file_ref idref="fl-19"/>
      </object_component>
      <object_component id="oc-44d">
         <name>.text:Power_getTransitionLatency</name>
         <load_address>0x2000e9c8</load_address>
         <run_address>0x2000e9c8</run_address>
         <size>0x18</size>
         <input_file_ref idref="fl-10"/>
      </object_component>
      <object_component id="oc-54a">
         <name>.text:Power_idleFunc</name>
         <load_address>0x2000e9e0</load_address>
         <run_address>0x2000e9e0</run_address>
         <size>0x18</size>
         <input_file_ref idref="fl-10"/>
      </object_component>
      <object_component id="oc-567">
         <name>.text:TimerCC32XX_getCount</name>
         <load_address>0x2000e9f8</load_address>
         <run_address>0x2000e9f8</run_address>
         <size>0x18</size>
         <input_file_ref idref="fl-12"/>
      </object_component>
      <object_component id="oc-659">
         <name>.text:TimerIntDisable</name>
         <load_address>0x2000ea10</load_address>
         <run_address>0x2000ea10</run_address>
         <size>0x18</size>
         <input_file_ref idref="fl-20"/>
      </object_component>
      <object_component id="oc-640">
         <name>.text:TimerIntEnable</name>
         <load_address>0x2000ea28</load_address>
         <run_address>0x2000ea28</run_address>
         <size>0x18</size>
         <input_file_ref idref="fl-20"/>
      </object_component>
      <object_component id="oc-46a">
         <name>.text</name>
         <load_address>0x2000ea40</load_address>
         <run_address>0x2000ea40</run_address>
         <size>0x18</size>
         <input_file_ref idref="fl-d8"/>
      </object_component>
      <object_component id="oc-251">
         <name>.text:PRCMHIBRegRead</name>
         <load_address>0x2000ea58</load_address>
         <run_address>0x2000ea58</run_address>
         <size>0x16</size>
         <input_file_ref idref="fl-1f"/>
      </object_component>
      <object_component id="oc-24b">
         <name>.text:PRCMHIBRegWrite</name>
         <load_address>0x2000ea6e</load_address>
         <run_address>0x2000ea6e</run_address>
         <size>0x16</size>
         <input_file_ref idref="fl-1f"/>
      </object_component>
      <object_component id="oc-36d">
         <name>.text:SemaphoreP_create</name>
         <load_address>0x2000ea84</load_address>
         <run_address>0x2000ea84</run_address>
         <size>0x16</size>
         <input_file_ref idref="fl-15"/>
      </object_component>
      <object_component id="oc-a3">
         <name>.text:CPUcpsid</name>
         <load_address>0x2000ea9a</load_address>
         <run_address>0x2000ea9a</run_address>
         <size>0x14</size>
         <input_file_ref idref="fl-1c"/>
      </object_component>
      <object_component id="oc-67">
         <name>.text:faultISR</name>
         <load_address>0x2000eaae</load_address>
         <run_address>0x2000eaae</run_address>
         <size>0x2</size>
         <input_file_ref idref="fl-19"/>
      </object_component>
      <object_component id="oc-3ae">
         <name>.text:HwiP_inISR</name>
         <load_address>0x2000eab0</load_address>
         <run_address>0x2000eab0</run_address>
         <size>0x14</size>
         <input_file_ref idref="fl-17"/>
      </object_component>
      <object_component id="oc-af">
         <name>.text:IntVTableBaseSet</name>
         <load_address>0x2000eac4</load_address>
         <run_address>0x2000eac4</run_address>
         <size>0x14</size>
         <input_file_ref idref="fl-1d"/>
      </object_component>
      <object_component id="oc-3b4">
         <name>.text:Power_disablePolicy</name>
         <load_address>0x2000ead8</load_address>
         <run_address>0x2000ead8</run_address>
         <size>0x14</size>
         <input_file_ref idref="fl-10"/>
      </object_component>
      <object_component id="oc-5d1">
         <name>.text:Power_getDependencyCount</name>
         <load_address>0x2000eaec</load_address>
         <run_address>0x2000eaec</run_address>
         <size>0x14</size>
         <input_file_ref idref="fl-10"/>
      </object_component>
      <object_component id="oc-2ed">
         <name>.text:HwiP_Params_init</name>
         <load_address>0x2000eb00</load_address>
         <run_address>0x2000eb00</run_address>
         <size>0x12</size>
         <input_file_ref idref="fl-17"/>
      </object_component>
      <object_component id="oc-69e">
         <name>.text:TimerIntClear</name>
         <load_address>0x2000eb12</load_address>
         <run_address>0x2000eb12</run_address>
         <size>0x12</size>
         <input_file_ref idref="fl-20"/>
      </object_component>
      <object_component id="oc-11a">
         <name>.text:main</name>
         <load_address>0x2000eb24</load_address>
         <run_address>0x2000eb24</run_address>
         <size>0x12</size>
         <input_file_ref idref="fl-4"/>
      </object_component>
      <object_component id="oc-153">
         <name>.text:Board_init</name>
         <load_address>0x2000eb36</load_address>
         <run_address>0x2000eb36</run_address>
         <size>0x10</size>
         <input_file_ref idref="fl-3"/>
      </object_component>
      <object_component id="oc-37f">
         <name>.text:ClockP_add</name>
         <load_address>0x2000eb46</load_address>
         <run_address>0x2000eb46</run_address>
         <size>0x10</size>
         <input_file_ref idref="fl-16"/>
      </object_component>
      <object_component id="oc-61">
         <name>.text:nmiISR</name>
         <load_address>0x2000eb56</load_address>
         <run_address>0x2000eb56</run_address>
         <size>0x2</size>
         <input_file_ref idref="fl-19"/>
      </object_component>
      <object_component id="oc-435">
         <name>.text:ClockP_getCpuFreq</name>
         <load_address>0x2000eb58</load_address>
         <run_address>0x2000eb58</run_address>
         <size>0x10</size>
         <input_file_ref idref="fl-16"/>
      </object_component>
      <object_component id="oc-453">
         <name>.text:ClockP_getSystemTicks</name>
         <load_address>0x2000eb68</load_address>
         <run_address>0x2000eb68</run_address>
         <size>0x10</size>
         <input_file_ref idref="fl-16"/>
      </object_component>
      <object_component id="oc-46f">
         <name>.text:ClockP_setTicks</name>
         <load_address>0x2000eb78</load_address>
         <run_address>0x2000eb78</run_address>
         <size>0x10</size>
         <input_file_ref idref="fl-16"/>
      </object_component>
      <object_component id="oc-604">
         <name>.text:HwiP_delete</name>
         <load_address>0x2000eb88</load_address>
         <run_address>0x2000eb88</run_address>
         <size>0x10</size>
         <input_file_ref idref="fl-17"/>
      </object_component>
      <object_component id="oc-290">
         <name>.text:HwiP_restore</name>
         <load_address>0x2000eb98</load_address>
         <run_address>0x2000eb98</run_address>
         <size>0x10</size>
         <input_file_ref idref="fl-17"/>
      </object_component>
      <object_component id="oc-38b">
         <name>.text:Power_enablePolicy</name>
         <load_address>0x2000eba8</load_address>
         <run_address>0x2000eba8</run_address>
         <size>0x10</size>
         <input_file_ref idref="fl-10"/>
      </object_component>
      <object_component id="oc-367">
         <name>.text:SemaphoreP_Params_init</name>
         <load_address>0x2000ebb8</load_address>
         <run_address>0x2000ebb8</run_address>
         <size>0x10</size>
         <input_file_ref idref="fl-15"/>
      </object_component>
      <object_component id="oc-2c8">
         <name>.text:Timer_Params_init</name>
         <load_address>0x2000ebc8</load_address>
         <run_address>0x2000ebc8</run_address>
         <size>0x10</size>
         <input_file_ref idref="fl-e"/>
      </object_component>
      <object_component id="oc-5fe">
         <name>.text:HwiP_clearInterrupt</name>
         <load_address>0x2000ebd8</load_address>
         <run_address>0x2000ebd8</run_address>
         <size>0xe</size>
         <input_file_ref idref="fl-17"/>
      </object_component>
      <object_component id="oc-28a">
         <name>.text:HwiP_disable</name>
         <load_address>0x2000ebe6</load_address>
         <run_address>0x2000ebe6</run_address>
         <size>0xe</size>
         <input_file_ref idref="fl-17"/>
      </object_component>
      <object_component id="oc-159">
         <name>.text:HwiP_enable</name>
         <load_address>0x2000ebf4</load_address>
         <run_address>0x2000ebf4</run_address>
         <size>0xe</size>
         <input_file_ref idref="fl-17"/>
      </object_component>
      <object_component id="oc-1a">
         <name>.text:decompress:none:__TI_decompress_none</name>
         <load_address>0x2000ec02</load_address>
         <run_address>0x2000ec02</run_address>
         <size>0xe</size>
         <input_file_ref idref="fl-dc"/>
      </object_component>
      <object_component id="oc-441">
         <name>.text:Power_getConstraintMask</name>
         <load_address>0x2000ec10</load_address>
         <run_address>0x2000ec10</run_address>
         <size>0xc</size>
         <input_file_ref idref="fl-10"/>
      </object_component>
      <object_component id="oc-626">
         <name>.text:postNotifyFxn</name>
         <load_address>0x2000ec1c</load_address>
         <run_address>0x2000ec1c</run_address>
         <size>0xc</size>
         <input_file_ref idref="fl-12"/>
      </object_component>
      <object_component id="oc-391">
         <name>.text:ClockP_isActive</name>
         <load_address>0x2000ec28</load_address>
         <run_address>0x2000ec28</run_address>
         <size>0xa</size>
         <input_file_ref idref="fl-16"/>
      </object_component>
      <object_component id="oc-53">
         <name>.text:IntMasterDisable</name>
         <load_address>0x2000ec32</load_address>
         <run_address>0x2000ec32</run_address>
         <size>0xa</size>
         <input_file_ref idref="fl-1d"/>
      </object_component>
      <object_component id="oc-2d4">
         <name>.text:Timer_start</name>
         <load_address>0x2000ec3c</load_address>
         <run_address>0x2000ec3c</run_address>
         <size>0xa</size>
         <input_file_ref idref="fl-e"/>
      </object_component>
      <object_component id="oc-3eb">
         <name>.text:malloc</name>
         <load_address>0x2000ec46</load_address>
         <run_address>0x2000ec46</run_address>
         <size>0x8</size>
         <input_file_ref idref="fl-de"/>
      </object_component>
      <object_component id="oc-561">
         <name>.text:TimerCC32XX_control</name>
         <load_address>0x2000ec4e</load_address>
         <run_address>0x2000ec4e</run_address>
         <size>0x6</size>
         <input_file_ref idref="fl-12"/>
      </object_component>
      <object_component id="oc-24a">
         <name>.text:UtilsDelay</name>
         <load_address>0x2000ec54</load_address>
         <run_address>0x2000ec54</run_address>
         <size>0x6</size>
         <input_file_ref idref="fl-21"/>
      </object_component>
      <object_component id="oc-540">
         <name>.text:HwiP_post</name>
         <load_address>0x2000ec5a</load_address>
         <run_address>0x2000ec5a</run_address>
         <size>0x4</size>
         <input_file_ref idref="fl-17"/>
      </object_component>
      <object_component id="oc-296">
         <name>.text:SemaphoreP_delete</name>
         <load_address>0x2000ec5e</load_address>
         <run_address>0x2000ec5e</run_address>
         <size>0x4</size>
         <input_file_ref idref="fl-15"/>
      </object_component>
      <object_component id="oc-114">
         <name>.text:_system_pre_init</name>
         <load_address>0x2000ec62</load_address>
         <run_address>0x2000ec62</run_address>
         <size>0x4</size>
         <input_file_ref idref="fl-e3"/>
      </object_component>
      <object_component id="oc-166">
         <name>.text:abort:abort</name>
         <load_address>0x2000ec66</load_address>
         <run_address>0x2000ec66</run_address>
         <size>0x4</size>
         <input_file_ref idref="fl-e5"/>
      </object_component>
      <object_component id="oc-502">
         <name>.text</name>
         <load_address>0x2000ec6a</load_address>
         <run_address>0x2000ec6a</run_address>
         <size>0x2</size>
         <input_file_ref idref="fl-e0"/>
      </object_component>
      <object_component id="oc-34c">
         <name>.const:g_ulPinToPadMap</name>
         <load_address>0x2000f33c</load_address>
         <run_address>0x2000f33c</run_address>
         <size>0x100</size>
         <input_file_ref idref="fl-1e"/>
      </object_component>
      <object_component id="oc-345">
         <name>.const:PRCM_PeriphRegsList</name>
         <load_address>0x2000f43c</load_address>
         <run_address>0x2000f43c</run_address>
         <size>0xa8</size>
         <input_file_ref idref="fl-1f"/>
      </object_component>
      <object_component id="oc-27f">
         <name>.const:PowerCC32XX_config</name>
         <load_address>0x2000f4e4</load_address>
         <run_address>0x2000f4e4</run_address>
         <size>0x44</size>
         <input_file_ref idref="fl-3"/>
      </object_component>
      <object_component id="oc-2f9">
         <name>.const:.string:pinTable</name>
         <load_address>0x2000f528</load_address>
         <run_address>0x2000f528</run_address>
         <size>0x21</size>
         <input_file_ref idref="fl-f"/>
      </object_component>
      <object_component id="oc-4c7">
         <name>.const:TimerCC32XX_fxnTable</name>
         <load_address>0x2000f54c</load_address>
         <run_address>0x2000f54c</run_address>
         <size>0x20</size>
         <input_file_ref idref="fl-12"/>
      </object_component>
      <object_component id="oc-10e">
         <name>.const:g_pulEnRegs</name>
         <load_address>0x2000f56c</load_address>
         <run_address>0x2000f56c</run_address>
         <size>0x18</size>
         <input_file_ref idref="fl-1d"/>
      </object_component>
      <object_component id="oc-671">
         <name>.const:g_pulPendRegs</name>
         <load_address>0x2000f584</load_address>
         <run_address>0x2000f584</run_address>
         <size>0x18</size>
         <input_file_ref idref="fl-1d"/>
      </object_component>
      <object_component id="oc-2b2">
         <name>.const:GPIOCC32XX_config</name>
         <load_address>0x2000f59c</load_address>
         <run_address>0x2000f59c</run_address>
         <size>0x14</size>
         <input_file_ref idref="fl-3"/>
      </object_component>
      <object_component id="oc-314">
         <name>.const:gpioBaseAddresses</name>
         <load_address>0x2000f5b0</load_address>
         <run_address>0x2000f5b0</run_address>
         <size>0x14</size>
         <input_file_ref idref="fl-f"/>
      </object_component>
      <object_component id="oc-2fc">
         <name>.const:powerResources</name>
         <load_address>0x2000f5c4</load_address>
         <run_address>0x2000f5c4</run_address>
         <size>0x14</size>
         <input_file_ref idref="fl-f"/>
      </object_component>
      <object_component id="oc-4cb">
         <name>.const:timerCC32XXHWAttrs</name>
         <load_address>0x2000f5d8</load_address>
         <run_address>0x2000f5d8</run_address>
         <size>0x10</size>
         <input_file_ref idref="fl-3"/>
      </object_component>
      <object_component id="oc-3d6">
         <name>.const:Timer_config</name>
         <load_address>0x2000f5e8</load_address>
         <run_address>0x2000f5e8</run_address>
         <size>0xc</size>
         <input_file_ref idref="fl-3"/>
      </object_component>
      <object_component id="oc-3da">
         <name>.const:defaultParams</name>
         <load_address>0x2000f5f4</load_address>
         <run_address>0x2000f5f4</run_address>
         <size>0xc</size>
         <input_file_ref idref="fl-e"/>
      </object_component>
      <object_component id="oc-302">
         <name>.const:outPinTypes</name>
         <load_address>0x2000f600</load_address>
         <run_address>0x2000f600</run_address>
         <size>0x8</size>
         <input_file_ref idref="fl-f"/>
      </object_component>
      <object_component id="oc-311">
         <name>.const:.string:interruptType</name>
         <load_address>0x2000f608</load_address>
         <run_address>0x2000f608</run_address>
         <size>0x6</size>
         <input_file_ref idref="fl-f"/>
      </object_component>
      <object_component id="oc-305">
         <name>.const:inPinTypes</name>
         <load_address>0x2000f60e</load_address>
         <run_address>0x2000f60e</run_address>
         <size>0x6</size>
         <input_file_ref idref="fl-f"/>
      </object_component>
      <object_component id="oc-2ff">
         <name>.const:outPinStrengths</name>
         <load_address>0x2000f614</load_address>
         <run_address>0x2000f614</run_address>
         <size>0x6</size>
         <input_file_ref idref="fl-f"/>
      </object_component>
      <object_component id="oc-3d3">
         <name>.const</name>
         <load_address>0x2000f61a</load_address>
         <run_address>0x2000f61a</run_address>
         <size>0x6</size>
         <input_file_ref idref="fl-3"/>
      </object_component>
      <object_component id="oc-308">
         <name>.const:.string:portInterruptIds</name>
         <load_address>0x2000f620</load_address>
         <run_address>0x2000f620</run_address>
         <size>0x4</size>
         <input_file_ref idref="fl-f"/>
      </object_component>
      <object_component id="oc-6e9">
         <name>.cinit..data.load</name>
         <load_address>0x2000f7e8</load_address>
         <run_address>0x2000f7e8</run_address>
         <size>0xea</size>
      </object_component>
      <object_component id="oc-6e7">
         <name>__TI_handler_table</name>
         <load_address>0x2000f8d4</load_address>
         <run_address>0x2000f8d4</run_address>
         <size>0xc</size>
      </object_component>
      <object_component id="oc-6ea">
         <name>.cinit..bss.load</name>
         <load_address>0x2000f8e0</load_address>
         <run_address>0x2000f8e0</run_address>
         <size>0x8</size>
      </object_component>
      <object_component id="oc-6e8">
         <name>__TI_cinit_table</name>
         <load_address>0x2000f8e8</load_address>
         <run_address>0x2000f8e8</run_address>
         <size>0x10</size>
      </object_component>
      <object_component id="oc-31c">
         <name>.data</name>
         <load_address>0x2000f30d</load_address>
         <run_address>0x2000f30d</run_address>
         <size>0x3</size>
         <input_file_ref idref="fl-2"/>
      </object_component>
      <object_component id="oc-3e0">
         <name>.data:SOS_LEDs</name>
         <load_address>0x2000f1dc</load_address>
         <run_address>0x2000f1dc</run_address>
         <size>0x90</size>
         <input_file_ref idref="fl-2"/>
      </object_component>
      <object_component id="oc-3e3">
         <name>.data:OK_LEDs</name>
         <load_address>0x2000f26c</load_address>
         <run_address>0x2000f26c</run_address>
         <size>0x78</size>
         <input_file_ref idref="fl-2"/>
      </object_component>
      <object_component id="oc-3bd">
         <name>.data:gpioPinConfigs</name>
         <load_address>0x2000f2f4</load_address>
         <run_address>0x2000f2f4</run_address>
         <size>0x10</size>
         <input_file_ref idref="fl-3"/>
      </object_component>
      <object_component id="oc-3c0">
         <name>.data:gpioCallbackFunctions</name>
         <load_address>0x2000f2e4</load_address>
         <run_address>0x2000f2e4</run_address>
         <size>0x10</size>
         <input_file_ref idref="fl-3"/>
      </object_component>
      <object_component id="oc-362">
         <name>.data:parkInfo</name>
         <load_address>0x2000f0e4</load_address>
         <run_address>0x2000f0e4</run_address>
         <size>0xf8</size>
         <input_file_ref idref="fl-3"/>
      </object_component>
      <object_component id="oc-3d0">
         <name>.data</name>
         <load_address>0x2000f338</load_address>
         <run_address>0x2000f338</run_address>
         <size>0x1</size>
         <input_file_ref idref="fl-e"/>
      </object_component>
      <object_component id="oc-2af">
         <name>.data</name>
         <load_address>0x2000f304</load_address>
         <run_address>0x2000f304</run_address>
         <size>0x9</size>
         <input_file_ref idref="fl-f"/>
      </object_component>
      <object_component id="oc-27c">
         <name>.data:PowerCC32XX_module</name>
         <load_address>0x2000ef78</load_address>
         <run_address>0x2000ef78</run_address>
         <size>0x16c</size>
         <input_file_ref idref="fl-10"/>
      </object_component>
      <object_component id="oc-3a3">
         <name>.data</name>
         <load_address>0x2000f335</load_address>
         <run_address>0x2000f335</run_address>
         <size>0x3</size>
         <input_file_ref idref="fl-15"/>
      </object_component>
      <object_component id="oc-481">
         <name>.data:SemaphoreP_defaultParams</name>
         <load_address>0x2000f320</load_address>
         <run_address>0x2000f320</run_address>
         <size>0x8</size>
         <input_file_ref idref="fl-15"/>
      </object_component>
      <object_component id="oc-47b">
         <name>.data</name>
         <load_address>0x2000f330</load_address>
         <run_address>0x2000f330</run_address>
         <size>0x5</size>
         <input_file_ref idref="fl-16"/>
      </object_component>
      <object_component id="oc-4dd">
         <name>.data:HwiP_dispatchTable</name>
         <load_address>0x2000ec6c</load_address>
         <run_address>0x2000ec6c</run_address>
         <size>0x30c</size>
         <input_file_ref idref="fl-17"/>
      </object_component>
      <object_component id="oc-4e6">
         <name>.data</name>
         <load_address>0x2000f328</load_address>
         <run_address>0x2000f328</run_address>
         <size>0x8</size>
         <input_file_ref idref="fl-17"/>
      </object_component>
      <object_component id="oc-553">
         <name>.data:$O1$$</name>
         <load_address>0x2000f318</load_address>
         <run_address>0x2000f318</run_address>
         <size>0x8</size>
         <input_file_ref idref="fl-de"/>
      </object_component>
      <object_component id="oc-204">
         <name>.data:$O1$$</name>
         <load_address>0x2000f310</load_address>
         <run_address>0x2000f310</run_address>
         <size>0x8</size>
         <input_file_ref idref="fl-e6"/>
      </object_component>
      <object_component id="oc-2be">
         <name>.bss:gpioCallbackInfo</name>
         <uninitialized>true</uninitialized>
         <run_address>0x2000f788</run_address>
         <size>0x20</size>
         <input_file_ref idref="fl-f"/>
      </object_component>
      <object_component id="oc-2b5">
         <name>.bss:powerNotifyObj</name>
         <uninitialized>true</uninitialized>
         <run_address>0x2000f7a8</run_address>
         <size>0x14</size>
         <input_file_ref idref="fl-f"/>
      </object_component>
      <object_component id="oc-2ae">
         <name>.bss</name>
         <uninitialized>true</uninitialized>
         <run_address>0x2000f7bc</run_address>
         <size>0x4</size>
         <input_file_ref idref="fl-f"/>
      </object_component>
      <object_component id="oc-690">
         <name>.bss:timerState</name>
         <uninitialized>true</uninitialized>
         <run_address>0x2000f7e4</run_address>
         <size>0x4</size>
         <input_file_ref idref="fl-12"/>
      </object_component>
      <object_component id="oc-5ad">
         <name>.bss</name>
         <uninitialized>true</uninitialized>
         <run_address>0x2000f7e0</run_address>
         <size>0x4</size>
         <input_file_ref idref="fl-16"/>
      </object_component>
      <object_component id="oc-4ed">
         <name>.bss</name>
         <uninitialized>true</uninitialized>
         <run_address>0x2000f7d0</run_address>
         <size>0xd</size>
         <input_file_ref idref="fl-1a"/>
      </object_component>
      <object_component id="oc-3e6">
         <name>.common:state</name>
         <uninitialized>true</uninitialized>
         <run_address>0x2000f7dd</run_address>
         <size>0x1</size>
      </object_component>
      <object_component id="oc-4ca">
         <name>.common:timerCC32XXObjects</name>
         <uninitialized>true</uninitialized>
         <run_address>0x2000f754</run_address>
         <size>0x34</size>
      </object_component>
      <object_component id="oc-5c2">
         <name>.common:PowerCC32XX_contextSave</name>
         <uninitialized>true</uninitialized>
         <run_address>0x2000f628</run_address>
         <size>0x12c</size>
      </object_component>
      <object_component id="oc-e1">
         <name>.common:ClockP_ctrl</name>
         <uninitialized>true</uninitialized>
         <run_address>0x2000f7c0</run_address>
         <size>0x10</size>
      </object_component>
      <object_component id="oc-2a">
         <name>.sysmem</name>
         <uninitialized>true</uninitialized>
         <run_address>0x20004040</run_address>
         <size>0x10</size>
         <input_file_ref idref="fl-de"/>
      </object_component>
      <object_component id="oc-6ed">
         <name>.sysmem</name>
         <uninitialized>true</uninitialized>
         <run_address>0x20004040</run_address>
         <size>0x0</size>
      </object_component>
      <object_component id="oc-2d">
         <name>.stack</name>
         <uninitialized>true</uninitialized>
         <run_address>0x20003000</run_address>
         <size>0x4</size>
         <input_file_ref idref="fl-df"/>
      </object_component>
      <object_component id="oc-6ec">
         <name>.stack</name>
         <uninitialized>true</uninitialized>
         <run_address>0x20003000</run_address>
         <size>0x0</size>
      </object_component>
      <object_component id="oc-27">
         <name>.resetVecs:retain</name>
         <load_address>0x20004000</load_address>
         <run_address>0x20004000</run_address>
         <size>0x40</size>
         <input_file_ref idref="fl-19"/>
      </object_component>
      <object_component id="oc-bb">
         <name>.ramVecs</name>
         <uninitialized>true</uninitialized>
         <run_address>0x20000000</run_address>
         <size>0x30c</size>
         <input_file_ref idref="fl-19"/>
      </object_component>
      <object_component id="oc-14d">
         <name>.debug_info</name>
         <load_address>0x0</load_address>
         <run_address>0x0</run_address>
         <size>0x3fd</size>
         <input_file_ref idref="fl-2"/>
      </object_component>
      <object_component id="oc-31d">
         <name>.debug_info</name>
         <load_address>0x3fd</load_address>
         <run_address>0x3fd</run_address>
         <size>0x130</size>
         <input_file_ref idref="fl-2"/>
      </object_component>
      <object_component id="oc-3e1">
         <name>.debug_info</name>
         <load_address>0x52d</load_address>
         <run_address>0x52d</run_address>
         <size>0xea</size>
         <input_file_ref idref="fl-2"/>
      </object_component>
      <object_component id="oc-3e4">
         <name>.debug_info</name>
         <load_address>0x617</load_address>
         <run_address>0x617</run_address>
         <size>0xe8</size>
         <input_file_ref idref="fl-2"/>
      </object_component>
      <object_component id="oc-2dc">
         <name>.debug_info</name>
         <load_address>0x6ff</load_address>
         <run_address>0x6ff</run_address>
         <size>0x216</size>
         <input_file_ref idref="fl-2"/>
      </object_component>
      <object_component id="oc-1d6">
         <name>.debug_info</name>
         <load_address>0x915</load_address>
         <run_address>0x915</run_address>
         <size>0x1a0</size>
         <input_file_ref idref="fl-2"/>
      </object_component>
      <object_component id="oc-1fb">
         <name>.debug_info</name>
         <load_address>0xab5</load_address>
         <run_address>0xab5</run_address>
         <size>0x159</size>
         <input_file_ref idref="fl-2"/>
      </object_component>
      <object_component id="oc-1f5">
         <name>.debug_info</name>
         <load_address>0xc0e</load_address>
         <run_address>0xc0e</run_address>
         <size>0x159</size>
         <input_file_ref idref="fl-2"/>
      </object_component>
      <object_component id="oc-161">
         <name>.debug_info</name>
         <load_address>0xd67</load_address>
         <run_address>0xd67</run_address>
         <size>0x239</size>
         <input_file_ref idref="fl-2"/>
      </object_component>
      <object_component id="oc-1aa">
         <name>.debug_info</name>
         <load_address>0xfa0</load_address>
         <run_address>0xfa0</run_address>
         <size>0x2a9</size>
         <input_file_ref idref="fl-2"/>
      </object_component>
      <object_component id="oc-e7">
         <name>.debug_info</name>
         <load_address>0x1249</load_address>
         <run_address>0x1249</run_address>
         <size>0x26b</size>
         <input_file_ref idref="fl-2"/>
      </object_component>
      <object_component id="oc-36">
         <name>.debug_info</name>
         <load_address>0x14b4</load_address>
         <run_address>0x14b4</run_address>
         <size>0x84</size>
         <input_file_ref idref="fl-2"/>
      </object_component>
      <object_component id="oc-1b4">
         <name>.debug_info</name>
         <load_address>0x1538</load_address>
         <run_address>0x1538</run_address>
         <size>0x3b</size>
         <input_file_ref idref="fl-2"/>
      </object_component>
      <object_component id="oc-148">
         <name>.debug_info</name>
         <load_address>0x1573</load_address>
         <run_address>0x1573</run_address>
         <size>0x2a4</size>
         <input_file_ref idref="fl-2"/>
      </object_component>
      <object_component id="oc-1af">
         <name>.debug_info</name>
         <load_address>0x1817</load_address>
         <run_address>0x1817</run_address>
         <size>0xef</size>
         <input_file_ref idref="fl-2"/>
      </object_component>
      <object_component id="oc-12f">
         <name>.debug_info</name>
         <load_address>0x1906</load_address>
         <run_address>0x1906</run_address>
         <size>0xbb</size>
         <input_file_ref idref="fl-2"/>
      </object_component>
      <object_component id="oc-5f0">
         <name>.debug_info</name>
         <load_address>0x19c1</load_address>
         <run_address>0x19c1</run_address>
         <size>0x53</size>
         <input_file_ref idref="fl-2"/>
      </object_component>
      <object_component id="oc-1a4">
         <name>.debug_info</name>
         <load_address>0x1a14</load_address>
         <run_address>0x1a14</run_address>
         <size>0x4a5</size>
         <input_file_ref idref="fl-3"/>
      </object_component>
      <object_component id="oc-3be">
         <name>.debug_info</name>
         <load_address>0x1eb9</load_address>
         <run_address>0x1eb9</run_address>
         <size>0xfe</size>
         <input_file_ref idref="fl-3"/>
      </object_component>
      <object_component id="oc-3c1">
         <name>.debug_info</name>
         <load_address>0x1fb7</load_address>
         <run_address>0x1fb7</run_address>
         <size>0x10c</size>
         <input_file_ref idref="fl-3"/>
      </object_component>
      <object_component id="oc-3d4">
         <name>.debug_info</name>
         <load_address>0x20c3</load_address>
         <run_address>0x20c3</run_address>
         <size>0x239</size>
         <input_file_ref idref="fl-3"/>
      </object_component>
      <object_component id="oc-2b3">
         <name>.debug_info</name>
         <load_address>0x22fc</load_address>
         <run_address>0x22fc</run_address>
         <size>0x104</size>
         <input_file_ref idref="fl-3"/>
      </object_component>
      <object_component id="oc-280">
         <name>.debug_info</name>
         <load_address>0x2400</load_address>
         <run_address>0x2400</run_address>
         <size>0x106</size>
         <input_file_ref idref="fl-3"/>
      </object_component>
      <object_component id="oc-4cc">
         <name>.debug_info</name>
         <load_address>0x2506</load_address>
         <run_address>0x2506</run_address>
         <size>0x106</size>
         <input_file_ref idref="fl-3"/>
      </object_component>
      <object_component id="oc-3d7">
         <name>.debug_info</name>
         <load_address>0x260c</load_address>
         <run_address>0x260c</run_address>
         <size>0xfa</size>
         <input_file_ref idref="fl-3"/>
      </object_component>
      <object_component id="oc-363">
         <name>.debug_info</name>
         <load_address>0x2706</load_address>
         <run_address>0x2706</run_address>
         <size>0xf2</size>
         <input_file_ref idref="fl-3"/>
      </object_component>
      <object_component id="oc-1c9">
         <name>.debug_info</name>
         <load_address>0x27f8</load_address>
         <run_address>0x27f8</run_address>
         <size>0x14a</size>
         <input_file_ref idref="fl-3"/>
      </object_component>
      <object_component id="oc-154">
         <name>.debug_info</name>
         <load_address>0x2942</load_address>
         <run_address>0x2942</run_address>
         <size>0x180</size>
         <input_file_ref idref="fl-3"/>
      </object_component>
      <object_component id="oc-22c">
         <name>.debug_info</name>
         <load_address>0x2ac2</load_address>
         <run_address>0x2ac2</run_address>
         <size>0x183</size>
         <input_file_ref idref="fl-3"/>
      </object_component>
      <object_component id="oc-134">
         <name>.debug_info</name>
         <load_address>0x2c45</load_address>
         <run_address>0x2c45</run_address>
         <size>0x100</size>
         <input_file_ref idref="fl-3"/>
      </object_component>
      <object_component id="oc-227">
         <name>.debug_info</name>
         <load_address>0x2d45</load_address>
         <run_address>0x2d45</run_address>
         <size>0x878</size>
         <input_file_ref idref="fl-3"/>
      </object_component>
      <object_component id="oc-23f">
         <name>.debug_info</name>
         <load_address>0x35bd</load_address>
         <run_address>0x35bd</run_address>
         <size>0xf8</size>
         <input_file_ref idref="fl-3"/>
      </object_component>
      <object_component id="oc-222">
         <name>.debug_info</name>
         <load_address>0x36b5</load_address>
         <run_address>0x36b5</run_address>
         <size>0x9a</size>
         <input_file_ref idref="fl-3"/>
      </object_component>
      <object_component id="oc-23a">
         <name>.debug_info</name>
         <load_address>0x374f</load_address>
         <run_address>0x374f</run_address>
         <size>0xb6</size>
         <input_file_ref idref="fl-3"/>
      </object_component>
      <object_component id="oc-231">
         <name>.debug_info</name>
         <load_address>0x3805</load_address>
         <run_address>0x3805</run_address>
         <size>0xa1</size>
         <input_file_ref idref="fl-3"/>
      </object_component>
      <object_component id="oc-425">
         <name>.debug_info</name>
         <load_address>0x38a6</load_address>
         <run_address>0x38a6</run_address>
         <size>0x62</size>
         <input_file_ref idref="fl-3"/>
      </object_component>
      <object_component id="oc-108">
         <name>.debug_info</name>
         <load_address>0x3908</load_address>
         <run_address>0x3908</run_address>
         <size>0x8b</size>
         <input_file_ref idref="fl-3"/>
      </object_component>
      <object_component id="oc-aa">
         <name>.debug_info</name>
         <load_address>0x3993</load_address>
         <run_address>0x3993</run_address>
         <size>0x2c</size>
         <input_file_ref idref="fl-3"/>
      </object_component>
      <object_component id="oc-11b">
         <name>.debug_info</name>
         <load_address>0x39bf</load_address>
         <run_address>0x39bf</run_address>
         <size>0x14b</size>
         <input_file_ref idref="fl-4"/>
      </object_component>
      <object_component id="oc-1a6">
         <name>.debug_info</name>
         <load_address>0x3b0a</load_address>
         <run_address>0x3b0a</run_address>
         <size>0x2f4</size>
         <input_file_ref idref="fl-e"/>
      </object_component>
      <object_component id="oc-3db">
         <name>.debug_info</name>
         <load_address>0x3dfe</load_address>
         <run_address>0x3dfe</run_address>
         <size>0xd6</size>
         <input_file_ref idref="fl-e"/>
      </object_component>
      <object_component id="oc-3d1">
         <name>.debug_info</name>
         <load_address>0x3ed4</load_address>
         <run_address>0x3ed4</run_address>
         <size>0xd6</size>
         <input_file_ref idref="fl-e"/>
      </object_component>
      <object_component id="oc-2d7">
         <name>.debug_info</name>
         <load_address>0x3faa</load_address>
         <run_address>0x3faa</run_address>
         <size>0x12e</size>
         <input_file_ref idref="fl-e"/>
      </object_component>
      <object_component id="oc-2d0">
         <name>.debug_info</name>
         <load_address>0x40d8</load_address>
         <run_address>0x40d8</run_address>
         <size>0x167</size>
         <input_file_ref idref="fl-e"/>
      </object_component>
      <object_component id="oc-2c5">
         <name>.debug_info</name>
         <load_address>0x423f</load_address>
         <run_address>0x423f</run_address>
         <size>0x133</size>
         <input_file_ref idref="fl-e"/>
      </object_component>
      <object_component id="oc-2cb">
         <name>.debug_info</name>
         <load_address>0x4372</load_address>
         <run_address>0x4372</run_address>
         <size>0x11a</size>
         <input_file_ref idref="fl-e"/>
      </object_component>
      <object_component id="oc-139">
         <name>.debug_info</name>
         <load_address>0x448c</load_address>
         <run_address>0x448c</run_address>
         <size>0x110</size>
         <input_file_ref idref="fl-e"/>
      </object_component>
      <object_component id="oc-318">
         <name>.debug_info</name>
[...]
         <object_component_ref idref="oc-2e7"/>
      </symbol>
      <symbol id="sm-40c">
         <name>PowerCC32XX_enterLPDS</name>
         <value>0x2000e165</value>
         <object_component_ref idref="oc-51a"/>
      </symbol>
      <symbol id="sm-40d">
         <name>PowerCC32XX_resumeLPDS</name>
         <value>0x2000dcaf</value>
         <object_component_ref idref="oc-5c4"/>
      </symbol>
      <symbol id="sm-4d9">
         <name>TimerCC32XX_open</name>
         <value>0x2000ca6d</value>
         <object_component_ref idref="oc-573"/>
      </symbol>
      <symbol id="sm-4da">
         <name>TimerCC32XX_init</name>
         <value>0x2000e0db</value>
         <object_component_ref idref="oc-56d"/>
      </symbol>
      <symbol id="sm-4db">
         <name>TimerCC32XX_fxnTable</name>
         <value>0x2000f54c</value>
         <object_component_ref idref="oc-4c7"/>
      </symbol>
      <symbol id="sm-4dc">
         <name>TimerCC32XX_setPeriod</name>
         <value>0x2000d595</value>
         <object_component_ref idref="oc-579"/>
      </symbol>
      <symbol id="sm-4dd">
         <name>TimerCC32XX_start</name>
         <value>0x2000d81d</value>
         <object_component_ref idref="oc-57f"/>
      </symbol>
      <symbol id="sm-4de">
         <name>TimerCC32XX_freeTimerResource</name>
         <value>0x2000e611</value>
         <object_component_ref idref="oc-60a"/>
      </symbol>
      <symbol id="sm-4df">
         <name>TimerCC32XX_control</name>
         <value>0x2000ec4f</value>
         <object_component_ref idref="oc-561"/>
      </symbol>
      <symbol id="sm-4e0">
         <name>TimerCC32XX_stop</name>
         <value>0x2000dc59</value>
         <object_component_ref idref="oc-585"/>
      </symbol>
      <symbol id="sm-4e1">
         <name>TimerCC32XX_close</name>
         <value>0x2000e3b1</value>
         <object_component_ref idref="oc-55b"/>
      </symbol>
      <symbol id="sm-4e2">
         <name>TimerCC32XX_allocateTimerResource</name>
         <value>0x2000ddf5</value>
         <object_component_ref idref="oc-614"/>
      </symbol>
      <symbol id="sm-4e3">
         <name>TimerCC32XX_getCount</name>
         <value>0x2000e9f9</value>
         <object_component_ref idref="oc-567"/>
      </symbol>
      <symbol id="sm-4fb">
         <name>List_remove</name>
         <value>0x2000e7f7</value>
         <object_component_ref idref="oc-675"/>
      </symbol>
      <symbol id="sm-4fc">
         <name>List_put</name>
         <value>0x2000e7d1</value>
         <object_component_ref idref="oc-3a7"/>
      </symbol>
      <symbol id="sm-577">
         <name>SemaphoreP_defaultParams</name>
         <value>0x2000f320</value>
         <object_component_ref idref="oc-481"/>
      </symbol>
      <symbol id="sm-578">
         <name>SemaphoreP_construct</name>
         <value>0x2000dda5</value>
         <object_component_ref idref="oc-485"/>
      </symbol>
      <symbol id="sm-579">
         <name>SemaphoreP_create</name>
         <value>0x2000ea85</value>
         <object_component_ref idref="oc-36d"/>
      </symbol>
      <symbol id="sm-57a">
         <name>SemaphoreP_post</name>
         <value>0x2000e1a9</value>
         <object_component_ref idref="oc-2a8"/>
      </symbol>
      <symbol id="sm-57b">
         <name>SemaphoreP_pend</name>
         <value>0x2000d0fd</value>
         <object_component_ref idref="oc-29c"/>
      </symbol>
      <symbol id="sm-57c">
         <name>SemaphoreP_delete</name>
         <value>0x2000ec5f</value>
         <object_component_ref idref="oc-296"/>
      </symbol>
      <symbol id="sm-57d">
         <name>SemaphoreP_createBinary</name>
         <value>0x2000e991</value>
         <object_component_ref idref="oc-284"/>
      </symbol>
      <symbol id="sm-57e">
         <name>SemaphoreP_Params_init</name>
         <value>0x2000ebb9</value>
         <object_component_ref idref="oc-367"/>
      </symbol>
      <symbol id="sm-57f">
         <name>clkFxn</name>
         <value>0x2000e9ab</value>
         <object_component_ref idref="oc-39d"/>
      </symbol>
      <symbol id="sm-63a">
         <name>ClockP_ctrl</name>
         <value>0x2000f7c0</value>
      </symbol>
      <symbol id="sm-63b">
         <name>ClockP_doTick</name>
         <value>0x2000dd55</value>
         <object_component_ref idref="oc-79"/>
      </symbol>
      <symbol id="sm-63c">
         <name>ClockP_startup</name>
         <value>0x2000e5a9</value>
         <object_component_ref idref="oc-4f9"/>
      </symbol>
      <symbol id="sm-63d">
         <name>ClockP_stop</name>
         <value>0x2000e0dd</value>
         <object_component_ref idref="oc-4ad"/>
      </symbol>
      <symbol id="sm-63e">
         <name>ClockP_getTicksUntilInterrupt</name>
         <value>0x2000e575</value>
         <object_component_ref idref="oc-447"/>
      </symbol>
      <symbol id="sm-63f">
         <name>ClockP_setTicks</name>
         <value>0x2000eb79</value>
         <object_component_ref idref="oc-46f"/>
      </symbol>
      <symbol id="sm-640">
         <name>ClockP_tickPeriod</name>
         <value>0x2000f330</value>
         <object_component_ref idref="oc-47b"/>
      </symbol>
      <symbol id="sm-641">
         <name>ClockP_getSystemTicks</name>
         <value>0x2000eb69</value>
         <object_component_ref idref="oc-453"/>
      </symbol>
      <symbol id="sm-642">
         <name>ClockP_destruct</name>
         <value>0x2000e339</value>
         <object_component_ref idref="oc-397"/>
      </symbol>
      <symbol id="sm-643">
         <name>ClockP_start</name>
         <value>0x2000e679</value>
         <object_component_ref idref="oc-385"/>
      </symbol>
      <symbol id="sm-644">
         <name>ClockP_sysTickHandler</name>
         <value>0x2000dd55</value>
         <object_component_ref idref="oc-79"/>
      </symbol>
      <symbol id="sm-645">
         <name>ClockP_isActive</name>
         <value>0x2000ec29</value>
         <object_component_ref idref="oc-391"/>
      </symbol>
      <symbol id="sm-646">
         <name>ClockP_getCpuFreq</name>
         <value>0x2000eb59</value>
         <object_component_ref idref="oc-435"/>
      </symbol>
      <symbol id="sm-647">
         <name>ClockP_add</name>
         <value>0x2000eb47</value>
         <object_component_ref idref="oc-37f"/>
      </symbol>
      <symbol id="sm-6d0">
         <name>HwiP_delete</name>
         <value>0x2000eb89</value>
         <object_component_ref idref="oc-604"/>
      </symbol>
      <symbol id="sm-6d1">
         <name>HwiP_construct</name>
         <value>0x2000d3f9</value>
         <object_component_ref idref="oc-3f1"/>
      </symbol>
      <symbol id="sm-6d2">
         <name>HwiP_inISR</name>
         <value>0x2000eab1</value>
         <object_component_ref idref="oc-3ae"/>
      </symbol>
      <symbol id="sm-6d3">
         <name>HwiP_dispatch</name>
         <value>0x2000e81d</value>
         <object_component_ref idref="oc-4e0"/>
      </symbol>
      <symbol id="sm-6d4">
         <name>HwiP_destruct</name>
         <value>0x2000e865</value>
         <object_component_ref idref="oc-67d"/>
      </symbol>
      <symbol id="sm-6d5">
         <name>HwiP_clearInterrupt</name>
         <value>0x2000ebd9</value>
         <object_component_ref idref="oc-5fe"/>
      </symbol>
      <symbol id="sm-6d6">
         <name>HwiP_swiPIntNum</name>
         <value>0x2000f32c</value>
         <object_component_ref idref="oc-4e6"/>
      </symbol>
      <symbol id="sm-6d7">
         <name>HwiP_Params_init</name>
         <value>0x2000eb01</value>
         <object_component_ref idref="oc-2ed"/>
      </symbol>
      <symbol id="sm-6d8">
         <name>HwiP_disable</name>
         <value>0x2000ebe7</value>
         <object_component_ref idref="oc-28a"/>
      </symbol>
      <symbol id="sm-6d9">
         <name>HwiP_key</name>
         <value>0x2000f328</value>
         <object_component_ref idref="oc-4e6"/>
      </symbol>
      <symbol id="sm-6da">
         <name>HwiP_create</name>
         <value>0x2000e6d9</value>
         <object_component_ref idref="oc-2f3"/>
      </symbol>
      <symbol id="sm-6db">
         <name>HwiP_post</name>
         <value>0x2000ec5b</value>
         <object_component_ref idref="oc-540"/>
      </symbol>
      <symbol id="sm-6dc">
         <name>HwiP_enable</name>
         <value>0x2000ebf5</value>
         <object_component_ref idref="oc-159"/>
      </symbol>
      <symbol id="sm-6dd">
         <name>HwiP_restore</name>
         <value>0x2000eb99</value>
         <object_component_ref idref="oc-290"/>
      </symbol>
      <symbol id="sm-70d">
         <name>PowerCC32XX_initPolicy</name>
         <value>0x2000dd53</value>
         <object_component_ref idref="oc-356"/>
      </symbol>
      <symbol id="sm-70e">
         <name>PowerCC32XX_sleepPolicy</name>
         <value>0x2000c651</value>
         <object_component_ref idref="oc-35c"/>
      </symbol>
      <symbol id="sm-763">
         <name>resetISR</name>
         <value>0x2000e9ad</value>
         <object_component_ref idref="oc-21"/>
      </symbol>
      <symbol id="sm-764">
         <name>resetVectorAddr</name>
         <value>0x2000e9c0</value>
         <object_component_ref idref="oc-21"/>
      </symbol>
      <symbol id="sm-765">
         <name>initVectors</name>
         <value>0x2000e4cd</value>
         <object_component_ref idref="oc-59"/>
      </symbol>
      <symbol id="sm-766">
         <name>resetVectors</name>
         <value>0x20004000</value>
         <object_component_ref idref="oc-27"/>
      </symbol>
      <symbol id="sm-796">
         <name>SwiP_disable</name>
         <value>0x2000e93d</value>
         <object_component_ref idref="oc-43b"/>
      </symbol>
      <symbol id="sm-797">
         <name>SwiP_restore</name>
         <value>0x2000e1ed</value>
         <object_component_ref idref="oc-475"/>
      </symbol>
      <symbol id="sm-7a2">
         <name>CPUcpsid</name>
         <value>0x2000ea9b</value>
         <object_component_ref idref="oc-a3"/>
      </symbol>
      <symbol id="sm-7e7">
         <name>IntVTableBaseSet</name>
         <value>0x2000eac5</value>
         <object_component_ref idref="oc-af"/>
      </symbol>
      <symbol id="sm-7e8">
         <name>IntEnable</name>
         <value>0x2000cfad</value>
         <object_component_ref idref="oc-b5"/>
      </symbol>
      <symbol id="sm-7e9">
         <name>IntMasterDisable</name>
         <value>0x2000ec33</value>
         <object_component_ref idref="oc-53"/>
      </symbol>
      <symbol id="sm-7ea">
         <name>IntPendSet</name>
         <value>0x2000d485</value>
         <object_component_ref idref="oc-5e7"/>
      </symbol>
      <symbol id="sm-824">
         <name>PinModeGet</name>
         <value>0x2000e5dd</value>
         <object_component_ref idref="oc-269"/>
      </symbol>
      <symbol id="sm-825">
         <name>PinConfigSet</name>
         <value>0x2000d50d</value>
         <object_component_ref idref="oc-2e1"/>
      </symbol>
      <symbol id="sm-826">
         <name>PinModeSet</name>
         <value>0x2000e2b9</value>
         <object_component_ref idref="oc-26f"/>
      </symbol>
      <symbol id="sm-827">
         <name>PinToPadGet</name>
         <value>0x2000e921</value>
         <object_component_ref idref="oc-5b5"/>
      </symbol>
      <symbol id="sm-8f0">
         <name>PRCMLPDSRestoreInfoSet</name>
         <value>0x2000e121</value>
         <object_component_ref idref="oc-5c9"/>
      </symbol>
      <symbol id="sm-8f1">
         <name>PRCMPeripheralReset</name>
         <value>0x2000dba9</value>
         <object_component_ref idref="oc-25d"/>
      </symbol>
      <symbol id="sm-8f2">
         <name>PRCMLPDSEnter</name>
         <value>0x2000dfbd</value>
         <object_component_ref idref="oc-531"/>
      </symbol>
      <symbol id="sm-8f3">
         <name>PRCMPeripheralClkEnable</name>
         <value>0x2000e005</value>
         <object_component_ref idref="oc-257"/>
      </symbol>
      <symbol id="sm-8f4">
         <name>PRCMLPDSEnterKeepDebugIf</name>
         <value>0x2000e425</value>
         <object_component_ref idref="oc-537"/>
      </symbol>
      <symbol id="sm-8f5">
         <name>PRCMCC3200MCUInit</name>
         <value>0x2000c041</value>
         <object_component_ref idref="oc-1bb"/>
      </symbol>
      <symbol id="sm-8f6">
         <name>PRCMHIBRegWrite</name>
         <value>0x2000ea6f</value>
         <object_component_ref idref="oc-24b"/>
      </symbol>
      <symbol id="sm-8f7">
         <name>PRCMSysResetCauseGet</name>
         <value>0x2000da39</value>
         <object_component_ref idref="oc-244"/>
      </symbol>
      <symbol id="sm-8f8">
         <name>PRCMPeripheralClkDisable</name>
         <value>0x2000e759</value>
         <object_component_ref idref="oc-263"/>
      </symbol>
      <symbol id="sm-8f9">
         <name>PRCMHIBRegRead</name>
         <value>0x2000ea59</value>
         <object_component_ref idref="oc-251"/>
      </symbol>
      <symbol id="sm-941">
         <name>TimerLoadSet</name>
         <value>0x2000e703</value>
         <object_component_ref idref="oc-639"/>
      </symbol>
      <symbol id="sm-942">
         <name>TimerDisable</name>
         <value>0x2000e8e5</value>
         <object_component_ref idref="oc-653"/>
      </symbol>
      <symbol id="sm-943">
         <name>TimerEnable</name>
         <value>0x2000e903</value>
         <object_component_ref idref="oc-64c"/>
      </symbol>
      <symbol id="sm-944">
         <name>TimerIntDisable</name>
         <value>0x2000ea11</value>
         <object_component_ref idref="oc-659"/>
      </symbol>
      <symbol id="sm-945">
         <name>TimerPrescaleSet</name>
         <value>0x2000e72d</value>
         <object_component_ref idref="oc-633"/>
      </symbol>
      <symbol id="sm-946">
         <name>TimerControlStall</name>
         <value>0x2000e53d</value>
         <object_component_ref idref="oc-696"/>
      </symbol>
      <symbol id="sm-947">
         <name>TimerIntEnable</name>
         <value>0x2000ea29</value>
         <object_component_ref idref="oc-640"/>
      </symbol>
      <symbol id="sm-948">
         <name>TimerIntClear</name>
         <value>0x2000eb13</value>
         <object_component_ref idref="oc-69e"/>
      </symbol>
      <symbol id="sm-94c">
         <name>UtilsDelay</name>
         <value>0x2000ec55</value>
         <object_component_ref idref="oc-24a"/>
      </symbol>
      <symbol id="sm-95c">
         <name>FlashDisable</name>
         <value>0x2000df75</value>
         <object_component_ref idref="oc-5df"/>
      </symbol>
      <symbol id="sm-965">
         <name>__aeabi_lmul</name>
         <value>0x2000ea41</value>
         <object_component_ref idref="oc-46a"/>
      </symbol>
      <symbol id="sm-980">
         <name>memcpy</name>
         <value>0x2000d19d</value>
         <object_component_ref idref="oc-3b"/>
      </symbol>
      <symbol id="sm-981">
         <name>__aeabi_memcpy</name>
         <value>0x2000d19d</value>
         <object_component_ref idref="oc-3b"/>
      </symbol>
      <symbol id="sm-982">
         <name>__aeabi_memcpy8</name>
         <value>0x2000d19d</value>
         <object_component_ref idref="oc-3b"/>
      </symbol>
      <symbol id="sm-983">
         <name>__aeabi_memcpy4</name>
         <value>0x2000d19d</value>
         <object_component_ref idref="oc-3b"/>
      </symbol>
      <symbol id="sm-990">
         <name>__aeabi_uldivmod</name>
         <value>0x2000d2d1</value>
         <object_component_ref idref="oc-45f"/>
      </symbol>
      <symbol id="sm-9a4">
         <name>__TI_zero_init_nomemset</name>
         <value>0x2000e959</value>
         <object_component_ref idref="oc-47"/>
      </symbol>
      <symbol id="sm-9bb">
         <name>__TI_decompress_none</name>
         <value>0x2000ec03</value>
         <object_component_ref idref="oc-1a"/>
      </symbol>
      <symbol id="sm-9de">
         <name>__TI_decompress_lzss</name>
         <value>0x2000d905</value>
         <object_component_ref idref="oc-14"/>
      </symbol>
      <symbol id="sm-a67">
         <name>_sys_memory</name>
         <value>0x20004040</value>
         <object_component_ref idref="oc-2a"/>
      </symbol>
      <symbol id="sm-a68">
         <name>free</name>
         <value>0x2000cc95</value>
         <object_component_ref idref="oc-378"/>
      </symbol>
      <symbol id="sm-a69">
         <name>memalign</name>
         <value>0x2000cb95</value>
         <object_component_ref idref="oc-4d6"/>
      </symbol>
      <symbol id="sm-a6a">
         <name>malloc</name>
         <value>0x2000ec47</value>
         <object_component_ref idref="oc-3eb"/>
      </symbol>
      <symbol id="sm-a6b">
         <name>aligned_alloc</name>
         <value>0x2000cb95</value>
         <object_component_ref idref="oc-4d6"/>
      </symbol>
      <symbol id="sm-a7d">
         <name>__stack</name>
         <value>0x20003000</value>
         <object_component_ref idref="oc-2d"/>
      </symbol>
      <symbol id="sm-a7e">
         <name>_c_int00_noargs</name>
         <value>0x2000e841</value>
         <object_component_ref idref="oc-c5"/>
      </symbol>
      <symbol id="sm-a88">
         <name>__aeabi_idiv0</name>
         <value>0x2000ec6b</value>
         <object_component_ref idref="oc-502"/>
      </symbol>
      <symbol id="sm-a89">
         <name>__aeabi_ldiv0</name>
         <value>0x2000ec6b</value>
         <object_component_ref idref="oc-502"/>
      </symbol>
      <symbol id="sm-ab2">
         <name>__TI_auto_init_nobinit_nopinit</name>
         <value>0x2000e275</value>
         <object_component_ref idref="oc-172"/>
      </symbol>
      <symbol id="sm-abc">
         <name>_system_pre_init</name>
         <value>0x2000ec63</value>
         <object_component_ref idref="oc-114"/>
      </symbol>
      <symbol id="sm-ac8">
         <name>C$$EXIT</name>
         <value>0x2000ec67</value>
         <object_component_ref idref="oc-166"/>
      </symbol>
      <symbol id="sm-ac9">
         <name>abort</name>
         <value>0x2000ec67</value>
         <object_component_ref idref="oc-166"/>
      </symbol>
      <symbol id="sm-ade">
         <name>_nop</name>
         <value>0x2000e573</value>
         <object_component_ref idref="oc-323"/>
      </symbol>
      <symbol id="sm-adf">
         <name>_lock</name>
         <value>0x2000f310</value>
         <object_component_ref idref="oc-204"/>
      </symbol>
      <symbol id="sm-ae0">
         <name>_unlock</name>
         <value>0x2000f314</value>
         <object_component_ref idref="oc-204"/>
      </symbol>
      <symbol id="sm-ae2">
         <name>__TI_static_base__</name>
         <value>0x2000f7e8</value>
      </symbol>
      <symbol id="sm-ae5">
         <name>ITM_flush</name>
         <value>0x0</value>
      </symbol>
      <symbol id="sm-ae6">
         <name>ITM_restore</name>
         <value>0x0</value>
      </symbol>
      <symbol id="sm-ae7">
         <name>__mpu_init</name>
         <value>0x0</value>
      </symbol>
      <symbol id="sm-ae8">
         <name>_system_post_cinit</name>
         <value>0x0</value>
      </symbol>
      <symbol id="sm-ae9">
         <name>NoRTOS_start</name>
         <value>0x2000ebf5</value>
      </symbol>
   </symbol_table>
   <title>Link successful</title>
</link_info>
