******************************************************************************
                  TI ARM Linker PC v20.2.7                     
******************************************************************************
>> Linked Sun Nov 26 13:38:23 2023

OUTPUT FILE NAME:   <gpiointerrupt_CC3220S_LAUNCHXL_nortos_ccs.out>
ENTRY POINT SYMBOL: "resetISR"  address: 2000e9ad


MEMORY CONFIGURATION

         name            origin    length      used     unused   attr    fill
----------------------  --------  ---------  --------  --------  ----  --------
  SRAM2                 20000000   00004000  0000130c  00002cf4  RW X
  SRAM                  20004000   0003c000  0000b8f1  0003070f  RW X
  LOG_DATA              90000000   00040000  00000000  00040000  R   


SEGMENT ALLOCATION MAP

run origin  load origin   length   init length attrs members
----------  ----------- ---------- ----------- ----- -------
20003000    20003000    00001000   00000000    rw-
  20003000    20003000    00001000   00000000    rw- .stack
20004000    20004000    00000040   00000040    r--
  20004000    20004000    00000040   00000040    r-- .resetVecs
20004040    20004040    00008000   00000000    rw-
  20004040    20004040    00008000   00000000    rw- .sysmem
2000c040    2000c040    00002c2c   00002c2c    r-x
  2000c040    2000c040    00002c2c   00002c2c    r-x .text
2000ec6c    2000ec6c    000006cd   00000000    rw-
  2000ec6c    2000ec6c    000006cd   00000000    rw- .data
2000f33c    2000f33c    000002e8   000002e8    r--
  2000f33c    2000f33c    000002e8   000002e8    r-- .const
2000f628    2000f628    000001c0   00000000    rw-
  2000f628    2000f628    000001c0   00000000    rw- .bss
2000f7e8    2000f7e8    00000110   00000110    r--
  2000f7e8    2000f7e8    00000110   00000110    r-- .cinit


SECTION ALLOCATION MAP

 output                                  attributes/
section   page    origin      length       input sections
--------  ----  ----------  ----------   ----------------
.text      0    2000c040    00002c2c     
                  2000c040    0000042c     driverlib.a : prcm.obj (.text:PRCMCC3200MCUInit)
                  2000c46c    000001e4     drivers_cc32xx.a : GPIOCC32XX.oem4 (.text:GPIO_setConfig)
                  2000c650    0000019c     nortos_cc32xx.a : PowerCC32XX_nortos.oem4 (.text:PowerCC32XX_sleepPolicy)
                  2000c7ec    00000148     drivers_cc32xx.a : PowerCC32XX.oem4 (.text:parkPins)
                  2000c934    00000138                      : PowerCC32XX.oem4 (.text:Power_sleep)
                  2000ca6c    00000128                      : TimerCC32XX.oem4 (.text:TimerCC32XX_open)
                  2000cb94    00000100     rtsv7M4_T_le_eabi.lib : memory.c.obj (.text:aligned_alloc)
                  2000cc94    000000e4                           : memory.c.obj (.text:free)
                  2000cd78    000000c4     drivers_cc32xx.a : GPIOCC32XX.oem4 (.text:GPIO_init)
                  2000ce3c    000000c0                      : PowerCC32XX.oem4 (.text:restoreParkedPins)
                  2000cefc    000000b0     gpiointerrupt.obj (.text:timerCallback)
                  2000cfac    000000a8     driverlib.a : interrupt.obj (.text:IntEnable)
                  2000d054    000000a8     drivers_cc32xx.a : PowerCC32XX.oem4 (.text:PowerCC32XX_configureWakeup)
                  2000d0fc    000000a0     nortos_cc32xx.a : SemaphoreP_nortos.oem4 (.text:SemaphoreP_pend)
                  2000d19c    0000009c     rtsv7M4_T_le_eabi.lib : memcpy_t2.asm.obj (.text)
                  2000d238    00000098     drivers_cc32xx.a : GPIOCC32XX.oem4 (.text:powerNotifyFxn)
                  2000d2d0    00000096     rtsv7M4_T_le_eabi.lib : ull_div_t2.asm.obj (.text)
                  2000d366    00000002     ti_drivers_config.obj (.text:Board_initHook)
                  2000d368    00000090     drivers_cc32xx.a : PowerCC32XX.oem4 (.text:restoreNVICRegs)
                  2000d3f8    0000008c     nortos_cc32xx.a : HwiPCC32XX_nortos.oem4 (.text:HwiP_construct)
                  2000d484    00000088     driverlib.a : interrupt.obj (.text:IntPendSet)
                  2000d50c    00000088                 : pin.obj (.text:PinConfigSet)
                  2000d594    00000088     drivers_cc32xx.a : TimerCC32XX.oem4 (.text:TimerCC32XX_setPeriod)
                  2000d61c    00000084                      : PowerCC32XX.oem4 (.text:Power_init)
                  2000d6a0    00000084                      : PowerCC32XX.oem4 (.text:saveNVICRegs)
                  2000d724    00000080                      : PowerCC32XX.oem4 (.text:Power_setDependency)
                  2000d7a4    00000078                      : GPIOCC32XX.oem4 (.text:GPIO_hwiIntFxn)
                  2000d81c    00000078                      : TimerCC32XX.oem4 (.text:TimerCC32XX_start)
                  2000d894    00000070     rtsv7M4_T_le_eabi.lib : memory.c.obj (.text:split)
                  2000d904    00000068                           : copy_decompress_lzss.c.obj (.text:decompress:lzss:__TI_decompress_lzss)
                  2000d96c    00000068     gpiointerrupt.obj (.text:mainThread)
                  2000d9d4    00000064     drivers_cc32xx.a : PowerCC32XX.oem4 (.text:PowerCC32XX_setParkState)
                  2000da38    00000060     driverlib.a : prcm.obj (.text:PRCMSysResetCauseGet)
                  2000da98    0000005c     drivers_cc32xx.a : GPIOCC32XX.oem4 (.text:GPIO_setCallback)
                  2000daf4    0000005c     nortos_cc32xx.a : ClockPSysTick_nortos.oem4 (.text:sysTickInit)
                  2000db50    00000058     drivers_cc32xx.a : GPIOCC32XX.oem4 (.text:GPIO_write)
                  2000dba8    00000058     driverlib.a : prcm.obj (.text:PRCMPeripheralReset)
                  2000dc00    00000058     drivers_cc32xx.a : PowerCC32XX.oem4 (.text:Power_releaseDependency)
                  2000dc58    00000056                      : TimerCC32XX.oem4 (.text:TimerCC32XX_stop)
                  2000dcae    00000052                      : PowerCC32XX_asm.oem4 (.text:PowerCC32XX_resumeLPDS)
                  2000dd00    00000052                      : TimerCC32XX.oem4 (.text:initHw)
                  2000dd52    00000002     nortos_cc32xx.a : PowerCC32XX_nortos.oem4 (.text:PowerCC32XX_initPolicy)
                  2000dd54    00000050                     : ClockPSysTick_nortos.oem4 (.text:ClockP_sysTickHandler)
                  2000dda4    00000050                     : SemaphoreP_nortos.oem4 (.text:SemaphoreP_construct)
                  2000ddf4    00000050     drivers_cc32xx.a : TimerCC32XX.oem4 (.text:TimerCC32XX_allocateTimerResource)
                  2000de44    0000004c                      : GPIOCC32XX.oem4 (.text:GPIO_enableInt)
                  2000de90    0000004c                      : PowerCC32XX.oem4 (.text:PowerCC32XX_parkPin)
                  2000dedc    0000004c     gpiointerrupt.obj (.text:initTimer)
                  2000df28    0000004c     drivers_cc32xx.a : PowerCC32XX.oem4 (.text:restorePeriphClocks)
                  2000df74    00000048     driverlib.a : flash.obj (.text:FlashDisable)
                  2000dfbc    00000048                 : prcm.obj (.text:PRCMLPDSEnter)
                  2000e004    00000048                 : prcm.obj (.text:PRCMPeripheralClkEnable)
                  2000e04c    00000048     drivers_cc32xx.a : PowerCC32XX.oem4 (.text:Power_releaseConstraint)
                  2000e094    00000046                      : TimerCC32XX.oem4 (.text:getPrescaler)
                  2000e0da    00000002                      : TimerCC32XX.oem4 (.text:TimerCC32XX_init)
                  2000e0dc    00000044     nortos_cc32xx.a : ClockPSysTick_nortos.oem4 (.text:ClockP_stop)
                  2000e120    00000044     driverlib.a : prcm.obj (.text:PRCMLPDSRestoreInfoSet)
                  2000e164    00000044     drivers_cc32xx.a : PowerCC32XX_asm.oem4 (.text:PowerCC32XX_enterLPDS)
                  2000e1a8    00000044     nortos_cc32xx.a : SemaphoreP_nortos.oem4 (.text:SemaphoreP_post)
                  2000e1ec    00000044                     : SwiP_nortos.oem4 (.text:SwiP_restore)
                  2000e230    00000044     drivers_cc32xx.a : Timer.oem4 (.text:Timer_init)
                  2000e274    00000044     rtsv7M4_T_le_eabi.lib : autoinit.c.obj (.text:__TI_auto_init_nobinit_nopinit:__TI_auto_init_nobinit_nopinit)
                  2000e2b8    00000040     driverlib.a : pin.obj (.text:PinModeSet)
                  2000e2f8    00000040     drivers_cc32xx.a : Timer.oem4 (.text:Timer_open)
                  2000e338    0000003c     nortos_cc32xx.a : ClockPSysTick_nortos.oem4 (.text:ClockP_destruct)
                  2000e374    0000003c     drivers_cc32xx.a : PowerCC32XX.oem4 (.text:Power_setConstraint)
                  2000e3b0    0000003a                      : TimerCC32XX.oem4 (.text:TimerCC32XX_close)
                  2000e3ea    0000003a     nortos_cc32xx.a : PowerCC32XX_nortos.oem4 (.text:getCountsRTC)
                  2000e424    00000038     driverlib.a : prcm.obj (.text:PRCMLPDSEnterKeepDebugIf)
                  2000e45c    00000038     drivers_cc32xx.a : TimerCC32XX.oem4 (.text:TimerCC32XX_hwiIntFunction)
                  2000e494    00000038     nortos_cc32xx.a : ClockPSysTick_nortos.oem4 (.text:addToList)
                  2000e4cc    00000038                     : startup_cc32xx_ccs.oem4 (.text:initVectors)
                  2000e504    00000038     drivers_cc32xx.a : PowerCC32XX.oem4 (.text:notify)
                  2000e53c    00000036     driverlib.a : timer.obj (.text:TimerControlStall)
                  2000e572    00000002     rtsv7M4_T_le_eabi.lib : _lock.c.obj (.text:_nop)
                  2000e574    00000034     nortos_cc32xx.a : ClockPSysTick_nortos.oem4 (.text:ClockP_getTicksUntilInterrupt)
                  2000e5a8    00000034                     : ClockPSysTick_nortos.oem4 (.text:ClockP_startup)
                  2000e5dc    00000034     driverlib.a : pin.obj (.text:PinModeGet)
                  2000e610    00000034     drivers_cc32xx.a : TimerCC32XX.oem4 (.text:TimerCC32XX_freeTimerResource)
                  2000e644    00000034                      : TimerCC32XX.oem4 (.text:getPowerMgrId)
                  2000e678    00000030     nortos_cc32xx.a : ClockPSysTick_nortos.oem4 (.text:ClockP_start)
                  2000e6a8    00000030     drivers_cc32xx.a : PowerCC32XX.oem4 (.text:PowerCC32XX_restoreParkedPin)
                  2000e6d8    0000002a     nortos_cc32xx.a : HwiPCC32XX_nortos.oem4 (.text:HwiP_create)
                  2000e702    0000002a     driverlib.a : timer.obj (.text:TimerLoadSet)
                  2000e72c    0000002a                 : timer.obj (.text:TimerPrescaleSet)
                  2000e756    00000002     nortos_cc32xx.a : startup_cc32xx_ccs.oem4 (.text:busFaultHandler)
                  2000e758    00000028     driverlib.a : prcm.obj (.text:PRCMPeripheralClkDisable)
                  2000e780    00000028     drivers_cc32xx.a : PowerCC32XX.oem4 (.text:Power_registerNotify)
                  2000e7a8    00000028     rtsv7M4_T_le_eabi.lib : memory.c.obj (.text:free_list_insert)
                  2000e7d0    00000026     drivers_cc32xx.a : List.oem4 (.text:List_put)
                  2000e7f6    00000026                      : List.oem4 (.text:List_remove)
                  2000e81c    00000024     nortos_cc32xx.a : HwiPCC32XX_nortos.oem4 (.text:HwiP_dispatch)
                  2000e840    00000024     rtsv7M4_T_le_eabi.lib : boot_cortex_m.c.obj (.text:_c_int00_noargs:_c_int00_noargs)
                  2000e864    00000020     nortos_cc32xx.a : HwiPCC32XX_nortos.oem4 (.text:HwiP_destruct)
                  2000e884    00000020     drivers_cc32xx.a : PowerCC32XX.oem4 (.text:Power_unregisterNotify)
                  2000e8a4    00000020     gpiointerrupt.obj (.text:gpioButtonFxn0)
                  2000e8c4    00000020     gpiointerrupt.obj (.text:gpioButtonFxn1)
                  2000e8e4    0000001e     driverlib.a : timer.obj (.text:TimerDisable)
                  2000e902    0000001e                 : timer.obj (.text:TimerEnable)
                  2000e920    0000001c                 : pin.obj (.text:PinToPadGet)
                  2000e93c    0000001c     nortos_cc32xx.a : SwiP_nortos.oem4 (.text:SwiP_disable)
                  2000e958    0000001c     rtsv7M4_T_le_eabi.lib : copy_zero_init.c.obj (.text:decompress:ZI:__TI_zero_init_nomemset:__TI_zero_init_nomemset)
                  2000e974    0000001c                           : memory.c.obj (.text:free_list_remove)
                  2000e990    0000001a     nortos_cc32xx.a : SemaphoreP_nortos.oem4 (.text:SemaphoreP_createBinary)
                  2000e9aa    00000002                     : SemaphoreP_nortos.oem4 (.text:clkFxn)
                  2000e9ac    0000001a                     : startup_cc32xx_ccs.oem4 (.text:resetISR)
                  2000e9c6    00000002                     : startup_cc32xx_ccs.oem4 (.text:defaultHandler)
                  2000e9c8    00000018     drivers_cc32xx.a : PowerCC32XX.oem4 (.text:Power_getTransitionLatency)
                  2000e9e0    00000018                      : PowerCC32XX.oem4 (.text:Power_idleFunc)
                  2000e9f8    00000018                      : TimerCC32XX.oem4 (.text:TimerCC32XX_getCount)
                  2000ea10    00000018     driverlib.a : timer.obj (.text:TimerIntDisable)
                  2000ea28    00000018                 : timer.obj (.text:TimerIntEnable)
                  2000ea40    00000018     rtsv7M4_T_le_eabi.lib : ll_mul_t2.asm.obj (.text)
                  2000ea58    00000016     driverlib.a : prcm.obj (.text:PRCMHIBRegRead)
                  2000ea6e    00000016                 : prcm.obj (.text:PRCMHIBRegWrite)
                  2000ea84    00000016     nortos_cc32xx.a : SemaphoreP_nortos.oem4 (.text:SemaphoreP_create)
                  2000ea9a    00000014     driverlib.a : cpu.obj (.text:CPUcpsid)
                  2000eaae    00000002     nortos_cc32xx.a : startup_cc32xx_ccs.oem4 (.text:faultISR)
                  2000eab0    00000014                     : HwiPCC32XX_nortos.oem4 (.text:HwiP_inISR)
                  2000eac4    00000014     driverlib.a : interrupt.obj (.text:IntVTableBaseSet)
                  2000ead8    00000014     drivers_cc32xx.a : PowerCC32XX.oem4 (.text:Power_disablePolicy)
                  2000eaec    00000014                      : PowerCC32XX.oem4 (.text:Power_getDependencyCount)
                  2000eb00    00000012     nortos_cc32xx.a : HwiPCC32XX_nortos.oem4 (.text:HwiP_Params_init)
                  2000eb12    00000012     driverlib.a : timer.obj (.text:TimerIntClear)
                  2000eb24    00000012     main_nortos.obj (.text:main)
                  2000eb36    00000010     ti_drivers_config.obj (.text:Board_init)
                  2000eb46    00000010     nortos_cc32xx.a : ClockPSysTick_nortos.oem4 (.text:ClockP_add)
                  2000eb56    00000002                     : startup_cc32xx_ccs.oem4 (.text:nmiISR)
                  2000eb58    00000010                     : ClockPSysTick_nortos.oem4 (.text:ClockP_getCpuFreq)
                  2000eb68    00000010                     : ClockPSysTick_nortos.oem4 (.text:ClockP_getSystemTicks)
                  2000eb78    00000010                     : ClockPSysTick_nortos.oem4 (.text:ClockP_setTicks)
                  2000eb88    00000010                     : HwiPCC32XX_nortos.oem4 (.text:HwiP_delete)
                  2000eb98    00000010                     : HwiPCC32XX_nortos.oem4 (.text:HwiP_restore)
                  2000eba8    00000010     drivers_cc32xx.a : PowerCC32XX.oem4 (.text:Power_enablePolicy)
                  2000ebb8    00000010     nortos_cc32xx.a : SemaphoreP_nortos.oem4 (.text:SemaphoreP_Params_init)
                  2000ebc8    00000010     drivers_cc32xx.a : Timer.oem4 (.text:Timer_Params_init)
                  2000ebd8    0000000e     nortos_cc32xx.a : HwiPCC32XX_nortos.oem4 (.text:HwiP_clearInterrupt)
                  2000ebe6    0000000e                     : HwiPCC32XX_nortos.oem4 (.text:HwiP_disable)
                  2000ebf4    0000000e                     : HwiPCC32XX_nortos.oem4 (.text:HwiP_enable)
                  2000ec02    0000000e     rtsv7M4_T_le_eabi.lib : copy_decompress_none.c.obj (.text:decompress:none:__TI_decompress_none)
                  2000ec10    0000000c     drivers_cc32xx.a : PowerCC32XX.oem4 (.text:Power_getConstraintMask)
                  2000ec1c    0000000c                      : TimerCC32XX.oem4 (.text:postNotifyFxn)
                  2000ec28    0000000a     nortos_cc32xx.a : ClockPSysTick_nortos.oem4 (.text:ClockP_isActive)
                  2000ec32    0000000a     driverlib.a : interrupt.obj (.text:IntMasterDisable)
                  2000ec3c    0000000a     drivers_cc32xx.a : Timer.oem4 (.text:Timer_start)
                  2000ec46    00000008     rtsv7M4_T_le_eabi.lib : memory.c.obj (.text:malloc)
                  2000ec4e    00000006     drivers_cc32xx.a : TimerCC32XX.oem4 (.text:TimerCC32XX_control)
                  2000ec54    00000006     driverlib.a : utils.obj (.text:UtilsDelay)
                  2000ec5a    00000004     nortos_cc32xx.a : HwiPCC32XX_nortos.oem4 (.text:HwiP_post)
                  2000ec5e    00000004                     : SemaphoreP_nortos.oem4 (.text:SemaphoreP_delete)
                  2000ec62    00000004     rtsv7M4_T_le_eabi.lib : pre_init.c.obj (.text:_system_pre_init)
                  2000ec66    00000004                           : exit.c.obj (.text:abort:abort)
                  2000ec6a    00000002                           : div0.asm.obj (.text)

.const     0    2000f33c    000002e8     
                  2000f33c    00000100     driverlib.a : pin.obj (.const:g_ulPinToPadMap)
                  2000f43c    000000a8                 : prcm.obj (.const:PRCM_PeriphRegsList)
                  2000f4e4    00000044     ti_drivers_config.obj (.const:PowerCC32XX_config)
                  2000f528    00000021     drivers_cc32xx.a : GPIOCC32XX.oem4 (.const:.string:pinTable)
                  2000f549    00000003     --HOLE-- [fill = 0]
                  2000f54c    00000020                      : TimerCC32XX.oem4 (.const:TimerCC32XX_fxnTable)
                  2000f56c    00000018     driverlib.a : interrupt.obj (.const:g_pulEnRegs)
                  2000f584    00000018                 : interrupt.obj (.const:g_pulPendRegs)
                  2000f59c    00000014     ti_drivers_config.obj (.const:GPIOCC32XX_config)
                  2000f5b0    00000014     drivers_cc32xx.a : GPIOCC32XX.oem4 (.const:gpioBaseAddresses)
                  2000f5c4    00000014                      : GPIOCC32XX.oem4 (.const:powerResources)
                  2000f5d8    00000010     ti_drivers_config.obj (.const:timerCC32XXHWAttrs)
                  2000f5e8    0000000c     ti_drivers_config.obj (.const:Timer_config)
                  2000f5f4    0000000c     drivers_cc32xx.a : Timer.oem4 (.const:defaultParams)
                  2000f600    00000008                      : GPIOCC32XX.oem4 (.const:outPinTypes)
                  2000f608    00000006                      : GPIOCC32XX.oem4 (.const:.string:interruptType)
                  2000f60e    00000006                      : GPIOCC32XX.oem4 (.const:inPinTypes)
                  2000f614    00000006                      : GPIOCC32XX.oem4 (.const:outPinStrengths)
                  2000f61a    00000006     ti_drivers_config.obj (.const)
                  2000f620    00000004     drivers_cc32xx.a : GPIOCC32XX.oem4 (.const:.string:portInterruptIds)

.cinit     0    2000f7e8    00000110     
                  2000f7e8    000000ea     (.cinit..data.load) [load image, compression = lzss]
                  2000f8d2    00000002     --HOLE-- [fill = 0]
                  2000f8d4    0000000c     (__TI_handler_table)
                  2000f8e0    00000008     (.cinit..bss.load) [load image, compression = zero_init]
                  2000f8e8    00000010     (__TI_cinit_table)

.init_array 
*          0    20004000    00000000     UNINITIALIZED

.ramVecs   0    20000000    0000030c     NOLOAD SECTION
                  20000000    0000030c     nortos_cc32xx.a : startup_cc32xx_ccs.oem4 (.ramVecs)

.stack     0    20003000    00001000     UNINITIALIZED
                  20003000    00000004     rtsv7M4_T_le_eabi.lib : boot_cortex_m.c.obj (.stack)
                  20003004    00000ffc     --HOLE--

.resetVecs 
*          0    20004000    00000040     
                  20004000    00000040     nortos_cc32xx.a : startup_cc32xx_ccs.oem4 (.resetVecs:retain)

.sysmem    0    20004040    00008000     UNINITIALIZED
                  20004040    00000010     rtsv7M4_T_le_eabi.lib : memory.c.obj (.sysmem)
                  20004050    00007ff0     --HOLE--

.data      0    2000ec6c    000006cd     UNINITIALIZED
                  2000ec6c    0000030c     nortos_cc32xx.a : HwiPCC32XX_nortos.oem4 (.data:HwiP_dispatchTable)
                  2000ef78    0000016c     drivers_cc32xx.a : PowerCC32XX.oem4 (.data:PowerCC32XX_module)
                  2000f0e4    000000f8     ti_drivers_config.obj (.data:parkInfo)
                  2000f1dc    00000090     gpiointerrupt.obj (.data:SOS_LEDs)
                  2000f26c    00000078     gpiointerrupt.obj (.data:OK_LEDs)
                  2000f2e4    00000010     ti_drivers_config.obj (.data:gpioCallbackFunctions)
                  2000f2f4    00000010     ti_drivers_config.obj (.data:gpioPinConfigs)
                  2000f304    00000009     drivers_cc32xx.a : GPIOCC32XX.oem4 (.data)
                  2000f30d    00000003     gpiointerrupt.obj (.data)
                  2000f310    00000008     rtsv7M4_T_le_eabi.lib : _lock.c.obj (.data:$O1$$)
                  2000f318    00000008                           : memory.c.obj (.data:$O1$$)
                  2000f320    00000008     nortos_cc32xx.a : SemaphoreP_nortos.oem4 (.data:SemaphoreP_defaultParams)
                  2000f328    00000008                     : HwiPCC32XX_nortos.oem4 (.data)
                  2000f330    00000005                     : ClockPSysTick_nortos.oem4 (.data)
                  2000f335    00000003                     : SemaphoreP_nortos.oem4 (.data)
                  2000f338    00000001     drivers_cc32xx.a : Timer.oem4 (.data)

.bss       0    2000f628    000001c0     UNINITIALIZED
                  2000f628    0000012c     (.common:PowerCC32XX_contextSave)
                  2000f754    00000034     (.common:timerCC32XXObjects)
                  2000f788    00000020     drivers_cc32xx.a : GPIOCC32XX.oem4 (.bss:gpioCallbackInfo)
                  2000f7a8    00000014                      : GPIOCC32XX.oem4 (.bss:powerNotifyObj)
                  2000f7bc    00000004                      : GPIOCC32XX.oem4 (.bss)
                  2000f7c0    00000010     (.common:ClockP_ctrl)
                  2000f7d0    0000000d     nortos_cc32xx.a : SwiP_nortos.oem4 (.bss)
                  2000f7dd    00000001     (.common:state)
                  2000f7de    00000002     --HOLE--
                  2000f7e0    00000004                     : ClockPSysTick_nortos.oem4 (.bss)
                  2000f7e4    00000004     drivers_cc32xx.a : TimerCC32XX.oem4 (.bss:timerState)

.log_data 
*          0    90000000    00000000     COPY SECTION

__llvm_prf_cnts 
*          0    20004000    00000000     UNINITIALIZED

MODULE SUMMARY

       Module                       code    ro data   rw data
       ------                       ----    -------   -------
    .\
       gpiointerrupt.obj            420     0         268    
       main_nortos.obj              18      0         0      
    +--+----------------------------+-------+---------+---------+
       Total:                       438     0         268    
                                                             
    .\syscfg\
       ti_drivers_config.obj        18      122       332    
    +--+----------------------------+-------+---------+---------+
       Total:                       18      122       332    
                                                             
    C:/ti/simplelink_cc32xx_sdk_4_30_00_06/kernel/nortos/lib/ccs/m4/nortos_cc32xx.a
       HwiPCC32XX_nortos.oem4       366     0         788    
       startup_cc32xx_ccs.oem4      90      64        780    
       ClockPSysTick_nortos.oem4    582     0         25     
       PowerCC32XX_nortos.oem4      472     0         0      
       SemaphoreP_nortos.oem4       378     0         11     
       SwiP_nortos.oem4             96      0         13     
    +--+----------------------------+-------+---------+---------+
       Total:                       1984    64        1617   
                                                             
    C:/ti/simplelink_cc32xx_sdk_4_30_00_06/source/ti/devices/cc32xx/driverlib/ccs/Release/driverlib.a
       prcm.obj                     1604    168       0      
       pin.obj                      280     256       0      
       interrupt.obj                334     48        0      
       timer.obj                    264     0         0      
       flash.obj                    72      0         0      
       cpu.obj                      20      0         0      
       utils.obj                    6       0         0      
    +--+----------------------------+-------+---------+---------+
       Total:                       2580    472       0      
                                                             
    C:/ti/simplelink_cc32xx_sdk_4_30_00_06/source/ti/drivers/lib/ccs/m4/drivers_cc32xx.a
       PowerCC32XX.oem4             2300    0         664    
       GPIOCC32XX.oem4              1208    103       65     
       TimerCC32XX.oem4             1132    32        4      
       Timer.oem4                   158     12        1      
       PowerCC32XX_asm.oem4         150     0         0      
       List.oem4                    76      0         0      
    +--+----------------------------+-------+---------+---------+
       Total:                       5024    147       734    
                                                             
    C:\ti\ccs1250\ccs\tools\compiler\ti-cgt-arm_20.2.7.LTS\lib\rtsv7M4_T_le_eabi.lib
       memory.c.obj                 672     0         8      
       memcpy_t2.asm.obj            156     0         0      
       ull_div_t2.asm.obj           150     0         0      
       copy_decompress_lzss.c.obj   104     0         0      
       autoinit.c.obj               68      0         0      
       boot_cortex_m.c.obj          36      0         0      
       copy_zero_init.c.obj         28      0         0      
       ll_mul_t2.asm.obj            24      0         0      
       copy_decompress_none.c.obj   14      0         0      
       _lock.c.obj                  2       0         8      
       exit.c.obj                   4       0         0      
       pre_init.c.obj               4       0         0      
       div0.asm.obj                 2       0         0      
    +--+----------------------------+-------+---------+---------+
       Total:                       1264    0         16     
                                                             
       Heap:                        0       0         32768  
       Stack:                       0       0         4096   
       Linker Generated:            0       270       0      
    +--+----------------------------+-------+---------+---------+
       Grand Total:                 11308   1075      39831  


LINKER GENERATED COPY TABLES

__TI_cinit_table @ 2000f8e8 records: 2, size/record: 8, table size: 16
	.data: load addr=2000f7e8, load size=000000ea bytes, run addr=2000ec6c, run size=000006cd bytes, compression=lzss
	.bss: load addr=2000f8e0, load size=00000008 bytes, run addr=2000f628, run size=000001c0 bytes, compression=zero_init


LINKER GENERATED HANDLER TABLE

__TI_handler_table @ 2000f8d4 records: 3, size/record: 4, table size: 12
	index: 0, handler: __TI_decompress_lzss
	index: 1, handler: __TI_decompress_none
	index: 2, handler: __TI_zero_init


GLOBAL SYMBOLS: SORTED ALPHABETICALLY BY Name 

address   name                             
-------   ----                             
2000f30f  BUTTON_STATE                     
2000eb37  Board_init                       
2000d367  Board_initHook                   
2000ec67  C$$EXIT                          
2000f61a  CONFIG_GPIO_BUTTON_0_CONST       
2000f61b  CONFIG_GPIO_BUTTON_1_CONST       
2000f61c  CONFIG_GPIO_LED_0_CONST          
2000f61d  CONFIG_GPIO_LED_1_CONST          
2000f61e  CONFIG_TIMER_0_CONST             
2000ea9b  CPUcpsid                         
2000eb47  ClockP_add                       
2000f7c0  ClockP_ctrl                      
2000e339  ClockP_destruct                  
2000dd55  ClockP_doTick                    
2000eb59  ClockP_getCpuFreq                
2000eb69  ClockP_getSystemTicks            
2000e575  ClockP_getTicksUntilInterrupt    
2000ec29  ClockP_isActive                  
2000eb79  ClockP_setTicks                  
2000e679  ClockP_start                     
2000e5a9  ClockP_startup                   
2000e0dd  ClockP_stop                      
2000dd55  ClockP_sysTickHandler            
2000f330  ClockP_tickPeriod                
2000df75  FlashDisable                     
2000f59c  GPIOCC32XX_config                
2000de45  GPIO_enableInt                   
2000d7a5  GPIO_hwiIntFxn                   
2000cd79  GPIO_init                        
2000da99  GPIO_setCallback                 
2000c46d  GPIO_setConfig                   
2000db51  GPIO_write                       
2000eb01  HwiP_Params_init                 
2000ebd9  HwiP_clearInterrupt              
2000d3f9  HwiP_construct                   
2000e6d9  HwiP_create                      
2000eb89  HwiP_delete                      
2000e865  HwiP_destruct                    
2000ebe7  HwiP_disable                     
2000e81d  HwiP_dispatch                    
2000ebf5  HwiP_enable                      
2000eab1  HwiP_inISR                       
2000f328  HwiP_key                         
2000ec5b  HwiP_post                        
2000eb99  HwiP_restore                     
2000f32c  HwiP_swiPIntNum                  
UNDEFED   ITM_flush                        
UNDEFED   ITM_restore                      
2000cfad  IntEnable                        
2000ec33  IntMasterDisable                 
2000d485  IntPendSet                       
2000eac5  IntVTableBaseSet                 
2000e7d1  List_put                         
2000e7f7  List_remove                      
2000f30e  MESSAGE_STATE                    
2000ebf5  NoRTOS_start                     
2000f26c  OK_LEDs                          
2000c041  PRCMCC3200MCUInit                
2000ea59  PRCMHIBRegRead                   
2000ea6f  PRCMHIBRegWrite                  
2000dfbd  PRCMLPDSEnter                    
2000e425  PRCMLPDSEnterKeepDebugIf         
2000e121  PRCMLPDSRestoreInfoSet           
2000e759  PRCMPeripheralClkDisable         
2000e005  PRCMPeripheralClkEnable          
2000dba9  PRCMPeripheralReset              
2000da39  PRCMSysResetCauseGet             
2000d50d  PinConfigSet                     
2000e5dd  PinModeGet                       
2000e2b9  PinModeSet                       
2000e921  PinToPadGet                      
2000f4e4  PowerCC32XX_config               
2000d055  PowerCC32XX_configureWakeup      
2000f628  PowerCC32XX_contextSave          
2000e165  PowerCC32XX_enterLPDS            
2000dd53  PowerCC32XX_initPolicy           
2000ef78  PowerCC32XX_module               
2000de91  PowerCC32XX_parkPin              
2000e6a9  PowerCC32XX_restoreParkedPin     
2000dcaf  PowerCC32XX_resumeLPDS           
2000d9d5  PowerCC32XX_setParkState         
2000c651  PowerCC32XX_sleepPolicy          
2000ead9  Power_disablePolicy              
2000eba9  Power_enablePolicy               
2000ec11  Power_getConstraintMask          
2000eaed  Power_getDependencyCount         
2000e9c9  Power_getTransitionLatency       
2000e9e1  Power_idleFunc                   
2000d61d  Power_init                       
2000e781  Power_registerNotify             
2000e04d  Power_releaseConstraint          
2000dc01  Power_releaseDependency          
2000e375  Power_setConstraint              
2000d725  Power_setDependency              
2000c935  Power_sleep                      
2000e885  Power_unregisterNotify           
2000f1dc  SOS_LEDs                         
2000ebb9  SemaphoreP_Params_init           
2000dda5  SemaphoreP_construct             
2000ea85  SemaphoreP_create                
2000e991  SemaphoreP_createBinary          
2000f320  SemaphoreP_defaultParams         
2000ec5f  SemaphoreP_delete                
2000d0fd  SemaphoreP_pend                  
2000e1a9  SemaphoreP_post                  
2000e93d  SwiP_disable                     
2000e1ed  SwiP_restore                     
2000ddf5  TimerCC32XX_allocateTimerResource
2000e3b1  TimerCC32XX_close                
2000ec4f  TimerCC32XX_control              
2000e611  TimerCC32XX_freeTimerResource    
2000f54c  TimerCC32XX_fxnTable             
2000e9f9  TimerCC32XX_getCount             
2000e0db  TimerCC32XX_init                 
2000ca6d  TimerCC32XX_open                 
2000d595  TimerCC32XX_setPeriod            
2000d81d  TimerCC32XX_start                
2000dc59  TimerCC32XX_stop                 
2000e53d  TimerControlStall                
2000e8e5  TimerDisable                     
2000e903  TimerEnable                      
2000eb13  TimerIntClear                    
2000ea11  TimerIntDisable                  
2000ea29  TimerIntEnable                   
2000e703  TimerLoadSet                     
2000e72d  TimerPrescaleSet                 
2000ebc9  Timer_Params_init                
2000f5e8  Timer_config                     
2000f61f  Timer_count                      
2000e231  Timer_init                       
2000e2f9  Timer_open                       
2000ec3d  Timer_start                      
2000ec55  UtilsDelay                       
20004000  __STACK_END                      
00001000  __STACK_SIZE                     
00008000  __SYSMEM_SIZE                    
2000f8e8  __TI_CINIT_Base                  
2000f8f8  __TI_CINIT_Limit                 
2000f8d4  __TI_Handler_Table_Base          
2000f8e0  __TI_Handler_Table_Limit         
2000e275  __TI_auto_init_nobinit_nopinit   
2000d905  __TI_decompress_lzss             
2000ec03  __TI_decompress_none             
ffffffff  __TI_pprof_out_hndl              
ffffffff  __TI_prof_data_size              
ffffffff  __TI_prof_data_start             
2000f7e8  __TI_static_base__               
2000e959  __TI_zero_init_nomemset          
2000ec6b  __aeabi_idiv0                    
2000ec6b  __aeabi_ldiv0                    
2000ea41  __aeabi_lmul                     
2000d19d  __aeabi_memcpy                   
2000d19d  __aeabi_memcpy4                  
2000d19d  __aeabi_memcpy8                  
2000d2d1  __aeabi_uldivmod                 
ffffffff  __binit__                        
ffffffff  __c_args__                       
UNDEFED   __mpu_init                       
20003000  __stack                          
20004000  __start___llvm_prf_cnts          
20004000  __stop___llvm_prf_cnts           
2000e841  _c_int00_noargs                  
2000f310  _lock                            
2000e573  _nop                             
20004040  _sys_memory                      
UNDEFED   _system_post_cinit               
2000ec63  _system_pre_init                 
2000f314  _unlock                          
2000ec67  abort                            
2000cb95  aligned_alloc                    
ffffffff  binit                            
2000e9ab  clkFxn                           
2000cc95  free                             
2000e8a5  gpioButtonFxn0                   
2000e8c5  gpioButtonFxn1                   
2000f2e4  gpioCallbackFunctions            
2000f2f4  gpioPinConfigs                   
2000f30d  i                                
2000f60e  inPinTypes                       
2000dedd  initTimer                        
2000e4cd  initVectors                      
2000eb25  main                             
2000d96d  mainThread                       
2000ec47  malloc                           
2000cb95  memalign                         
2000d19d  memcpy                           
2000f614  outPinStrengths                  
2000f600  outPinTypes                      
2000f0e4  parkInfo                         
2000e9ad  resetISR                         
2000e9c0  resetVectorAddr                  
20004000  resetVectors                     
2000f7dd  state                            
2000f5d8  timerCC32XXHWAttrs               
2000f754  timerCC32XXObjects               
2000cefd  timerCallback                    


GLOBAL SYMBOLS: SORTED BY Symbol Address 

address   name                             
-------   ----                             
00001000  __STACK_SIZE                     
00008000  __SYSMEM_SIZE                    
20003000  __stack                          
20004000  __STACK_END                      
20004000  __start___llvm_prf_cnts          
20004000  __stop___llvm_prf_cnts           
20004000  resetVectors                     
20004040  _sys_memory                      
2000c041  PRCMCC3200MCUInit                
2000c46d  GPIO_setConfig                   
2000c651  PowerCC32XX_sleepPolicy          
2000c935  Power_sleep                      
2000ca6d  TimerCC32XX_open                 
2000cb95  aligned_alloc                    
2000cb95  memalign                         
2000cc95  free                             
2000cd79  GPIO_init                        
2000cefd  timerCallback                    
2000cfad  IntEnable                        
2000d055  PowerCC32XX_configureWakeup      
2000d0fd  SemaphoreP_pend                  
2000d19d  __aeabi_memcpy                   
2000d19d  __aeabi_memcpy4                  
2000d19d  __aeabi_memcpy8                  
2000d19d  memcpy                           
2000d2d1  __aeabi_uldivmod                 
2000d367  Board_initHook                   
2000d3f9  HwiP_construct                   
2000d485  IntPendSet                       
2000d50d  PinConfigSet                     
2000d595  TimerCC32XX_setPeriod            
2000d61d  Power_init                       
2000d725  Power_setDependency              
2000d7a5  GPIO_hwiIntFxn                   
2000d81d  TimerCC32XX_start                
2000d905  __TI_decompress_lzss             
2000d96d  mainThread                       
2000d9d5  PowerCC32XX_setParkState         
2000da39  PRCMSysResetCauseGet             
2000da99  GPIO_setCallback                 
2000db51  GPIO_write                       
2000dba9  PRCMPeripheralReset              
2000dc01  Power_releaseDependency          
2000dc59  TimerCC32XX_stop                 
2000dcaf  PowerCC32XX_resumeLPDS           
2000dd53  PowerCC32XX_initPolicy           
2000dd55  ClockP_doTick                    
2000dd55  ClockP_sysTickHandler            
2000dda5  SemaphoreP_construct             
2000ddf5  TimerCC32XX_allocateTimerResource
2000de45  GPIO_enableInt                   
2000de91  PowerCC32XX_parkPin              
2000dedd  initTimer                        
2000df75  FlashDisable                     
2000dfbd  PRCMLPDSEnter                    
2000e005  PRCMPeripheralClkEnable          
2000e04d  Power_releaseConstraint          
2000e0db  TimerCC32XX_init                 
2000e0dd  ClockP_stop                      
2000e121  PRCMLPDSRestoreInfoSet           
2000e165  PowerCC32XX_enterLPDS            
2000e1a9  SemaphoreP_post                  
2000e1ed  SwiP_restore                     
2000e231  Timer_init                       
2000e275  __TI_auto_init_nobinit_nopinit   
2000e2b9  PinModeSet                       
2000e2f9  Timer_open                       
2000e339  ClockP_destruct                  
2000e375  Power_setConstraint              
2000e3b1  TimerCC32XX_close                
2000e425  PRCMLPDSEnterKeepDebugIf         
2000e4cd  initVectors                      
2000e53d  TimerControlStall                
2000e573  _nop                             
2000e575  ClockP_getTicksUntilInterrupt    
2000e5a9  ClockP_startup                   
2000e5dd  PinModeGet                       
2000e611  TimerCC32XX_freeTimerResource    
2000e679  ClockP_start                     
2000e6a9  PowerCC32XX_restoreParkedPin     
2000e6d9  HwiP_create                      
2000e703  TimerLoadSet                     
2000e72d  TimerPrescaleSet                 
2000e759  PRCMPeripheralClkDisable         
2000e781  Power_registerNotify             
2000e7d1  List_put                         
2000e7f7  List_remove                      
2000e81d  HwiP_dispatch                    
2000e841  _c_int00_noargs                  
2000e865  HwiP_destruct                    
2000e885  Power_unregisterNotify           
2000e8a5  gpioButtonFxn0                   
2000e8c5  gpioButtonFxn1                   
2000e8e5  TimerDisable                     
2000e903  TimerEnable                      
2000e921  PinToPadGet                      
2000e93d  SwiP_disable                     
2000e959  __TI_zero_init_nomemset          
2000e991  SemaphoreP_createBinary          
2000e9ab  clkFxn                           
2000e9ad  resetISR                         
2000e9c0  resetVectorAddr                  
2000e9c9  Power_getTransitionLatency       
2000e9e1  Power_idleFunc                   
2000e9f9  TimerCC32XX_getCount             
2000ea11  TimerIntDisable                  
2000ea29  TimerIntEnable                   
2000ea41  __aeabi_lmul                     
2000ea59  PRCMHIBRegRead                   
2000ea6f  PRCMHIBRegWrite                  
2000ea85  SemaphoreP_create                
2000ea9b  CPUcpsid                         
2000eab1  HwiP_inISR                       
2000eac5  IntVTableBaseSet                 
2000ead9  Power_disablePolicy              
2000eaed  Power_getDependencyCount         
2000eb01  HwiP_Params_init                 
2000eb13  TimerIntClear                    
2000eb25  main                             
2000eb37  Board_init                       
2000eb47  ClockP_add                       
2000eb59  ClockP_getCpuFreq                
2000eb69  ClockP_getSystemTicks            
2000eb79  ClockP_setTicks                  
2000eb89  HwiP_delete                      
2000eb99  HwiP_restore                     
2000eba9  Power_enablePolicy               
2000ebb9  SemaphoreP_Params_init           
2000ebc9  Timer_Params_init                
2000ebd9  HwiP_clearInterrupt              
2000ebe7  HwiP_disable                     
2000ebf5  HwiP_enable                      
2000ebf5  NoRTOS_start                     
2000ec03  __TI_decompress_none             
2000ec11  Power_getConstraintMask          
2000ec29  ClockP_isActive                  
2000ec33  IntMasterDisable                 
2000ec3d  Timer_start                      
2000ec47  malloc                           
2000ec4f  TimerCC32XX_control              
2000ec55  UtilsDelay                       
2000ec5b  HwiP_post                        
2000ec5f  SemaphoreP_delete                
2000ec63  _system_pre_init                 
2000ec67  C$$EXIT                          
2000ec67  abort                            
2000ec6b  __aeabi_idiv0                    
2000ec6b  __aeabi_ldiv0                    
2000ef78  PowerCC32XX_module               
2000f0e4  parkInfo                         
2000f1dc  SOS_LEDs                         
2000f26c  OK_LEDs                          
2000f2e4  gpioCallbackFunctions            
2000f2f4  gpioPinConfigs                   
2000f30d  i                                
2000f30e  MESSAGE_STATE                    
2000f30f  BUTTON_STATE                     
2000f310  _lock                            
2000f314  _unlock                          
2000f320  SemaphoreP_defaultParams         
2000f328  HwiP_key                         
2000f32c  HwiP_swiPIntNum                  
2000f330  ClockP_tickPeriod                
2000f4e4  PowerCC32XX_config               
2000f54c  TimerCC32XX_fxnTable             
2000f59c  GPIOCC32XX_config                
2000f5d8  timerCC32XXHWAttrs               
2000f5e8  Timer_config                     
2000f600  outPinTypes                      
2000f60e  inPinTypes                       
2000f614  outPinStrengths                  
2000f61a  CONFIG_GPIO_BUTTON_0_CONST       
2000f61b  CONFIG_GPIO_BUTTON_1_CONST       
2000f61c  CONFIG_GPIO_LED_0_CONST          
2000f61d  CONFIG_GPIO_LED_1_CONST          
2000f61e  CONFIG_TIMER_0_CONST             
2000f61f  Timer_count                      
2000f628  PowerCC32XX_contextSave          
2000f754  timerCC32XXObjects               
2000f7c0  ClockP_ctrl                      
2000f7dd  state                            
2000f7e8  __TI_static_base__               
2000f8d4  __TI_Handler_Table_Base          
2000f8e0  __TI_Handler_Table_Limit         
2000f8e8  __TI_CINIT_Base                  
2000f8f8  __TI_CINIT_Limit                 
ffffffff  __TI_pprof_out_hndl              
ffffffff  __TI_prof_data_size              
ffffffff  __TI_prof_data_start             
ffffffff  __binit__                        
ffffffff  __c_args__                       
ffffffff  binit                            
UNDEFED   ITM_flush                        
UNDEFED   ITM_restore                      
UNDEFED   __mpu_init                       
UNDEFED   _system_post_cinit               

[196 symbols]
